2026-09-22 12:03:35,358 [INFO] __main__: Starting ML Research Lab...
2026-09-22 12:03:35,360 [INFO] app.agents.data_agent: --- DATA AGENT ---
2026-09-22 12:03:35,360 [INFO] app.agents.data_agent: Profiling dataset: data/Telco-Customer-Churn.csv
2026-09-22 12:03:35,366 [INFO] app.agents.data_agent: Dataset profiling complete.
2026-09-22 12:03:35,367 [INFO] app.agents.feature_agent: --- FEATURE AGENT ---
2026-09-22 12:03:35,371 [INFO] app.agents.feature_agent: Identifier columns: ['customerID']
2026-09-22 12:03:35,371 [INFO] app.agents.feature_agent: Numeric features: ['SeniorCitizen', 'tenure', 'MonthlyCharges', 'TotalCharges']
2026-09-22 12:03:35,371 [INFO] app.agents.feature_agent: Categorical features: ['PhoneService', 'MultipleLines', 'OnlineSecurity', 'OnlineBackup', 'DeviceProtection', 'TechSupport', 'StreamingTV', 'StreamingMovies', 'Contract', 'PaymentMethod']
2026-09-22 12:03:35,372 [INFO] app.agents.feature_agent: Missing-value columns: ['MultipleLines', 'TotalCharges']
2026-09-22 12:03:35,372 [INFO] app.agents.feature_agent: Feature analysis complete. Recommendations: 17
2026-09-22 12:03:35,373 [INFO] app.agents.research_agent: --- RESEARCH AGENT ---
2026-09-22 12:03:35,373 [INFO] app.agents.research_agent: Generating research plan...
2026-09-22 12:03:38,237 [INFO] app.agents.research_agent: Problem type: classification
2026-09-22 12:03:38,238 [INFO] app.agents.research_agent: Models: ['Logistic Regression', 'Random Forest', 'Gradient Boosting']
2026-09-22 12:03:38,238 [INFO] app.agents.research_agent: Reasoning: The target column 'Churn' is a categorical string indicating whether a customer has churned, making this a binary classification task. To establish diverse baselines, we will evaluate three distinct modeling approaches supported by the execution layer: (1) Logistic Regression as a linear model providing a simple, interpretable baseline; (2) Random Forest as a bagging ensemble of decision trees to capture non‑linear relationships and interactions; and (3) Gradient Boosting as a boosting ensemble to potentially achieve higher predictive performance. The execution pipeline will handle missing values, standard scaling of numeric features, and one‑hot encoding of categorical features, ensuring consistent preprocessing across all models.
2026-09-22 12:03:38,238 [INFO] app.agents.split_agent: --- SPLIT AGENT ---
2026-09-22 12:03:38,257 [INFO] app.agents.split_agent: Split sizes -> train: 603, val: 201, test: 201 (test is held out until final_report_agent)
2026-09-22 12:03:38,257 [INFO] app.agents.experiment_agent: --- EXPERIMENT AGENT ---
2026-09-22 12:03:38,257 [INFO] app.agents.experiment_agent: Running proposed baseline: Logistic Regression
2026-09-22 12:03:38,381 [INFO] app.agents.experiment_agent: Experiment result: {'model': 'Logistic Regression', 'problem_type': 'classification', 'train_samples': 603, 'val_samples': 201, 'applied_params': {}, 'rejected_params': [], 'cross_validation': {'folds': 5, 'scoring': 'f1_weighted', 'mean': 0.7687280771403884, 'std': 0.022755524780705062}, 'accuracy': 0.8159203980099502, 'f1': 0.7824690785771158, 'experiment_type': 'baseline_model'}
2026-09-22 12:03:38,382 [INFO] app.agents.evaluation_agent: --- EVALUATION AGENT ---
2026-09-22 12:03:38,382 [INFO] app.agents.evaluation_agent: Best model: Logistic Regression
2026-09-22 12:03:38,382 [INFO] app.agents.evaluation_agent: Best f1 (validation): 0.7824690785771158
2026-09-22 12:03:38,382 [INFO] app.agents.critic_agent: --- CRITIC AGENT ---
2026-09-22 12:03:38,383 [INFO] app.agents.critic_agent: Feature engineering attempts: 0/3
2026-09-22 12:03:38,383 [INFO] app.agents.critic_agent: Critic reviewing experiments...
2026-09-22 12:03:40,966 [INFO] app.agents.critic_agent: Decision: continue
2026-09-22 12:03:40,966 [INFO] app.agents.critic_agent: Experiment type: baseline_model
2026-09-22 12:03:40,966 [INFO] app.agents.critic_agent: Model: Random Forest
2026-09-22 12:03:40,966 [INFO] app.agents.critic_agent: Recommendation: Run the Random Forest baseline model with default hyperparameters.
2026-09-22 12:03:40,967 [INFO] app.supervisor: --- SUPERVISOR ---
2026-09-22 12:03:40,967 [INFO] app.supervisor: Critic decision: continue
2026-09-22 12:03:40,967 [INFO] app.supervisor: Experiment type: baseline_model
2026-09-22 12:03:40,967 [INFO] app.supervisor: Supervisor iteration: 1/8
2026-09-22 12:03:40,967 [INFO] app.supervisor: Routing to experiment agent: Random Forest
2026-09-22 12:03:40,968 [INFO] app.agents.experiment_agent: --- EXPERIMENT AGENT ---
2026-09-22 12:03:40,968 [INFO] app.agents.experiment_agent: Running proposed baseline: Random Forest
2026-09-22 12:03:41,614 [INFO] app.agents.experiment_agent: Experiment result: {'model': 'Random Forest', 'problem_type': 'classification', 'train_samples': 603, 'val_samples': 201, 'applied_params': {}, 'rejected_params': [], 'cross_validation': {'folds': 5, 'scoring': 'f1_weighted', 'mean': 0.7398794041323445, 'std': 0.026903956406696277}, 'accuracy': 0.8009950248756219, 'f1': 0.7668771890075241, 'experiment_type': 'baseline_model'}
2026-09-22 12:03:41,614 [INFO] app.agents.evaluation_agent: --- EVALUATION AGENT ---
2026-09-22 12:03:41,614 [INFO] app.agents.evaluation_agent: Best model: Logistic Regression
2026-09-22 12:03:41,614 [INFO] app.agents.evaluation_agent: Best f1 (validation): 0.7824690785771158
2026-09-22 12:03:41,615 [INFO] app.agents.critic_agent: --- CRITIC AGENT ---
2026-09-22 12:03:41,615 [INFO] app.agents.critic_agent: Feature engineering attempts: 0/3
2026-09-22 12:03:41,615 [INFO] app.agents.critic_agent: Critic reviewing experiments...
2026-09-22 12:03:43,511 [INFO] app.agents.critic_agent: Decision: continue
2026-09-22 12:03:43,512 [INFO] app.agents.critic_agent: Experiment type: baseline_model
2026-09-22 12:03:43,512 [INFO] app.agents.critic_agent: Model: Gradient Boosting
2026-09-22 12:03:43,512 [INFO] app.agents.critic_agent: Recommendation: Run the Gradient Boosting baseline model with default hyperparameters.
2026-09-22 12:03:43,512 [INFO] app.supervisor: --- SUPERVISOR ---
2026-09-22 12:03:43,512 [INFO] app.supervisor: Critic decision: continue
2026-09-22 12:03:43,512 [INFO] app.supervisor: Experiment type: baseline_model
2026-09-22 12:03:43,513 [INFO] app.supervisor: Supervisor iteration: 2/8
2026-09-22 12:03:43,513 [INFO] app.supervisor: Routing to experiment agent: Gradient Boosting
2026-09-22 12:03:43,513 [INFO] app.agents.experiment_agent: --- EXPERIMENT AGENT ---
2026-09-22 12:03:43,513 [INFO] app.agents.experiment_agent: Running proposed baseline: Gradient Boosting
2026-09-22 12:03:44,133 [INFO] app.agents.experiment_agent: Experiment result: {'model': 'Gradient Boosting', 'problem_type': 'classification', 'train_samples': 603, 'val_samples': 201, 'applied_params': {}, 'rejected_params': [], 'cross_validation': {'folds': 5, 'scoring': 'f1_weighted', 'mean': 0.7529006658308613, 'std': 0.014359378992295044}, 'accuracy': 0.7860696517412935, 'f1': 0.7471937940220534, 'experiment_type': 'baseline_model'}
2026-09-22 12:03:44,133 [INFO] app.agents.evaluation_agent: --- EVALUATION AGENT ---
2026-09-22 12:03:44,133 [INFO] app.agents.evaluation_agent: Best model: Logistic Regression
2026-09-22 12:03:44,133 [INFO] app.agents.evaluation_agent: Best f1 (validation): 0.7824690785771158
2026-09-22 12:03:44,133 [INFO] app.agents.critic_agent: --- CRITIC AGENT ---
2026-09-22 12:03:44,133 [INFO] app.agents.critic_agent: Feature engineering attempts: 0/3
2026-09-22 12:03:44,134 [INFO] app.agents.critic_agent: Critic reviewing experiments...
2026-09-22 12:03:46,180 [INFO] app.agents.critic_agent: Decision: feature_engineering
2026-09-22 12:03:46,181 [INFO] app.agents.critic_agent: Experiment type: feature_engineering
2026-09-22 12:03:46,181 [INFO] app.agents.critic_agent: Model: None
2026-09-22 12:03:46,181 [INFO] app.agents.critic_agent: Recommendation: Proceed with a feature engineering experiment to explore transformations or new features that could boost the model performance beyond the current best F1 of 0.7825.
2026-09-22 12:03:46,182 [INFO] app.supervisor: --- SUPERVISOR ---
2026-09-22 12:03:46,182 [INFO] app.supervisor: Critic decision: feature_engineering
2026-09-22 12:03:46,182 [INFO] app.supervisor: Experiment type: feature_engineering
2026-09-22 12:03:46,183 [INFO] app.supervisor: Supervisor iteration: 3/8
2026-09-22 12:03:46,183 [INFO] app.supervisor: Routing to feature engineering agent.
2026-09-22 12:03:46,184 [INFO] app.agents.feature_engineering_agent: --- FEATURE ENGINEERING AGENT ---
2026-09-22 12:03:46,190 [INFO] app.agents.feature_engineering_agent: Generating generic feature engineering proposal...
2026-09-22 12:03:49,252 [INFO] app.agents.feature_engineering_agent: Decision: propose
2026-09-22 12:03:49,253 [INFO] app.agents.feature_engineering_agent: Feature type: numeric_interaction
2026-09-22 12:03:49,253 [INFO] app.agents.feature_engineering_agent: Source columns: ['tenure', 'MonthlyCharges']
2026-09-22 12:03:49,253 [INFO] app.agents.feature_engineering_agent: Feature name: tenure_MonthlyCharges_interaction
2026-09-22 12:03:49,253 [INFO] app.agents.feature_engineering_agent: Reasoning: The product of tenure (how long a customer has been with the company) and MonthlyCharges (the recurring monthly fee) captures the total revenue exposure of a customer over time. Customers with high tenure and high monthly charges represent a high-value segment where churn behavior may differ from low‑value or short‑term customers. Introducing this interaction term gives the Logistic Regression model a way to model non‑linear effects of combined duration and cost, which are not captured by the individual linear terms alone. This could help improve the F1 score beyond the current baseline.
2026-09-22 12:03:49,254 [INFO] app.agents.experiment_agent: --- EXPERIMENT AGENT ---
2026-09-22 12:03:49,254 [INFO] app.agents.experiment_agent: Applying feature engineering: numeric_interaction
2026-09-22 12:03:49,258 [INFO] app.agents.experiment_agent: Running model: Logistic Regression
2026-09-22 12:03:49,387 [INFO] app.agents.experiment_agent: Feature engineering experiment result: {'model': 'Logistic Regression', 'problem_type': 'classification', 'train_samples': 603, 'val_samples': 201, 'applied_params': {}, 'rejected_params': [], 'cross_validation': {'folds': 5, 'scoring': 'f1_weighted', 'mean': 0.7674811729670292, 'std': 0.0243858095486146}, 'accuracy': 0.8159203980099502, 'f1': 0.7824690785771158, 'experiment_type': 'feature_engineering', 'feature_type': 'numeric_interaction', 'feature_name': 'tenure_MonthlyCharges_interaction', 'note': 'Feature transformation was created successfully.'}
2026-09-22 12:03:49,388 [INFO] app.agents.evaluation_agent: --- EVALUATION AGENT ---
2026-09-22 12:03:49,388 [INFO] app.agents.evaluation_agent: Best model: Logistic Regression
2026-09-22 12:03:49,388 [INFO] app.agents.evaluation_agent: Best f1 (validation): 0.7824690785771158
2026-09-22 12:03:49,388 [INFO] app.agents.critic_agent: --- CRITIC AGENT ---
2026-09-22 12:03:49,388 [INFO] app.agents.critic_agent: Feature engineering attempts: 1/3
2026-09-22 12:03:49,388 [INFO] app.agents.critic_agent: Critic reviewing experiments...
2026-09-22 12:03:55,394 [INFO] app.agents.critic_agent: Decision: feature_engineering
2026-09-22 12:03:55,394 [INFO] app.agents.critic_agent: Experiment type: feature_engineering
2026-09-22 12:03:55,394 [INFO] app.agents.critic_agent: Model: None
2026-09-22 12:03:55,394 [INFO] app.agents.critic_agent: Recommendation: Proceed with a new feature engineering experiment (e.g., categorical interaction, log scaling of skewed numeric features, or target encoding) to explore potential improvements over the current best F1.
2026-09-22 12:03:55,395 [INFO] app.supervisor: --- SUPERVISOR ---
2026-09-22 12:03:55,395 [INFO] app.supervisor: Critic decision: feature_engineering
2026-09-22 12:03:55,395 [INFO] app.supervisor: Experiment type: feature_engineering
2026-09-22 12:03:55,395 [INFO] app.supervisor: Supervisor iteration: 4/8
2026-09-22 12:03:55,395 [INFO] app.supervisor: Routing to feature engineering agent.
2026-09-22 12:03:55,395 [INFO] app.agents.feature_engineering_agent: --- FEATURE ENGINEERING AGENT ---
2026-09-22 12:03:55,401 [INFO] app.agents.feature_engineering_agent: Generating generic feature engineering proposal...
2026-09-22 12:04:22,332 [INFO] app.agents.feature_engineering_agent: Decision: propose
2026-09-22 12:04:22,333 [INFO] app.agents.feature_engineering_agent: Feature type: numeric_ratio
2026-09-22 12:04:22,333 [INFO] app.agents.feature_engineering_agent: Source columns: ['MonthlyCharges', 'tenure']
2026-09-22 12:04:22,333 [INFO] app.agents.feature_engineering_agent: Feature name: MonthlyCharges_per_tenure
2026-09-22 12:04:22,334 [INFO] app.agents.feature_engineering_agent: Reasoning: The ratio of MonthlyCharges to tenure captures how expensive a customer’s plan is on a per‑month basis relative to how long they have been with the company. Customers with a high charge per month early in their tenure may be more likely to churn, while a lower ratio could indicate a more stable, affordable relationship. This relationship is not linear and is not captured by the existing raw features or the previously tested interaction (tenure * MonthlyCharges). Introducing this ratio could provide Logistic Regression with a more discriminative signal and potentially improve the F1 score beyond the current best of 0.7825.
2026-09-22 12:04:22,337 [INFO] app.agents.experiment_agent: --- EXPERIMENT AGENT ---
2026-09-22 12:04:22,338 [INFO] app.agents.experiment_agent: Applying feature engineering: numeric_ratio
2026-09-22 12:04:22,351 [INFO] app.agents.experiment_agent: Running model: Logistic Regression
2026-09-22 12:04:22,688 [INFO] app.agents.experiment_agent: Feature engineering experiment result: {'model': 'Logistic Regression', 'problem_type': 'classification', 'train_samples': 603, 'val_samples': 201, 'applied_params': {}, 'rejected_params': [], 'cross_validation': {'folds': 5, 'scoring': 'f1_weighted', 'mean': 0.7625339152266621, 'std': 0.02044393991054603}, 'accuracy': 0.8109452736318408, 'f1': 0.7785333295571478, 'experiment_type': 'feature_engineering', 'feature_type': 'numeric_ratio', 'feature_name': 'MonthlyCharges_per_tenure', 'note': 'Feature transformation was created successfully.'}
2026-09-22 12:04:22,688 [INFO] app.agents.evaluation_agent: --- EVALUATION AGENT ---
2026-09-22 12:04:22,689 [INFO] app.agents.evaluation_agent: Best model: Logistic Regression
2026-09-22 12:04:22,689 [INFO] app.agents.evaluation_agent: Best f1 (validation): 0.7824690785771158
2026-09-22 12:04:22,689 [INFO] app.agents.critic_agent: --- CRITIC AGENT ---
2026-09-22 12:04:22,689 [INFO] app.agents.critic_agent: Feature engineering attempts: 2/3
2026-09-22 12:04:22,689 [INFO] app.agents.critic_agent: Critic reviewing experiments...
2026-09-22 12:04:39,380 [INFO] app.agents.critic_agent: Decision: feature_engineering
2026-09-22 12:04:39,381 [INFO] app.agents.critic_agent: Experiment type: feature_engineering
2026-09-22 12:04:39,381 [INFO] app.agents.critic_agent: Model: Logistic Regression
2026-09-22 12:04:39,381 [INFO] app.agents.critic_agent: Recommendation: Proceed with a new feature engineering experiment using Logistic Regression, e.g., create categorical interaction features (such as Contract × PaymentMethod) or apply log scaling to highly skewed numeric features, and evaluate the resulting model.
2026-09-22 12:04:39,381 [INFO] app.supervisor: --- SUPERVISOR ---
2026-09-22 12:04:39,382 [INFO] app.supervisor: Critic decision: feature_engineering
2026-09-22 12:04:39,382 [INFO] app.supervisor: Experiment type: feature_engineering
2026-09-22 12:04:39,382 [INFO] app.supervisor: Supervisor iteration: 5/8
2026-09-22 12:04:39,382 [INFO] app.supervisor: Routing to feature engineering agent.
2026-09-22 12:04:39,382 [INFO] app.agents.feature_engineering_agent: --- FEATURE ENGINEERING AGENT ---
2026-09-22 12:04:39,387 [INFO] app.agents.feature_engineering_agent: Generating generic feature engineering proposal...
2026-09-22 12:05:08,923 [INFO] app.agents.feature_engineering_agent: Decision: propose
2026-09-22 12:05:08,923 [INFO] app.agents.feature_engineering_agent: Feature type: numeric_interaction
2026-09-22 12:05:08,924 [INFO] app.agents.feature_engineering_agent: Source columns: ['SeniorCitizen', 'MonthlyCharges']
2026-09-22 12:05:08,924 [INFO] app.agents.feature_engineering_agent: Feature name: SeniorCitizen_MonthlyCharges_interaction
2026-09-22 12:05:08,924 [INFO] app.agents.feature_engineering_agent: Reasoning: SeniorCitizen is a binary indicator (0/1). Multiplying it with MonthlyCharges creates a feature that is zero for non‑senior customers and equal to the monthly charge for senior customers. This allows the Logistic Regression model to learn a distinct weight for the effect of MonthlyCharges on churn for senior customers, capturing a potentially important interaction that was not represented by the existing features or the previously tested tenure‑MonthlyCharges interaction.
2026-09-22 12:05:08,927 [INFO] app.agents.experiment_agent: --- EXPERIMENT AGENT ---
2026-09-22 12:05:08,927 [INFO] app.agents.experiment_agent: Applying feature engineering: numeric_interaction
2026-09-22 12:05:08,935 [INFO] app.agents.experiment_agent: Running model: Logistic Regression
2026-09-22 12:05:09,074 [INFO] app.agents.experiment_agent: Feature engineering experiment result: {'model': 'Logistic Regression', 'problem_type': 'classification', 'train_samples': 603, 'val_samples': 201, 'applied_params': {}, 'rejected_params': [], 'cross_validation': {'folds': 5, 'scoring': 'f1_weighted', 'mean': 0.7673517245324772, 'std': 0.02065914662280941}, 'accuracy': 0.8159203980099502, 'f1': 0.7824690785771158, 'experiment_type': 'feature_engineering', 'feature_type': 'numeric_interaction', 'feature_name': 'SeniorCitizen_MonthlyCharges_interaction', 'note': 'Feature transformation was created successfully.'}
2026-09-22 12:05:09,074 [INFO] app.agents.evaluation_agent: --- EVALUATION AGENT ---
2026-09-22 12:05:09,074 [INFO] app.agents.evaluation_agent: Best model: Logistic Regression
2026-09-22 12:05:09,074 [INFO] app.agents.evaluation_agent: Best f1 (validation): 0.7824690785771158
2026-09-22 12:05:09,075 [INFO] app.agents.critic_agent: --- CRITIC AGENT ---
2026-09-22 12:05:09,075 [INFO] app.agents.critic_agent: Feature engineering attempts: 3/3
2026-09-22 12:05:09,075 [INFO] app.agents.critic_agent: Critic reviewing experiments...
2026-09-22 12:05:22,608 [INFO] app.agents.critic_agent: Feature engineering budget exhausted. Forcing finish.
2026-09-22 12:05:22,608 [INFO] app.agents.critic_agent: Decision: finish
2026-09-22 12:05:22,608 [INFO] app.agents.critic_agent: Experiment type: none
2026-09-22 12:05:22,609 [INFO] app.agents.critic_agent: Model: None
2026-09-22 12:05:22,609 [INFO] app.agents.critic_agent: Recommendation: Feature engineering budget exhausted.
2026-09-22 12:05:22,609 [INFO] app.supervisor: --- SUPERVISOR ---
2026-09-22 12:05:22,610 [INFO] app.supervisor: Critic decision: finish
2026-09-22 12:05:22,610 [INFO] app.supervisor: Experiment type: none
2026-09-22 12:05:22,610 [INFO] app.supervisor: Supervisor iteration: 6/8
2026-09-22 12:05:22,610 [INFO] app.supervisor: Research finished.
2026-09-22 12:05:22,611 [INFO] app.agents.final_report_agent: --- FINAL REPORT AGENT ---
2026-09-22 12:05:22,643 [INFO] app.agents.final_report_agent: Held-out test f1: 0.8059859349471574 (retrained on train+val, evaluated once on a test split the critic loop never saw).
2026-09-22 12:05:22,643 [INFO] app.agents.final_report_agent: Final report generated.
2026-09-22 12:05:22,645 [INFO] __main__: Run snapshot saved to: runs\run_20260922_120522_643774.json
