2026-09-23 22:19:46,844 [INFO] app.agents.data_agent: --- DATA AGENT ---
2026-09-23 22:19:46,848 [INFO] app.agents.data_agent: Profiling dataset: data\student_performance_regression.csv
2026-09-23 22:19:46,894 [INFO] app.agents.data_agent: Dataset profiling complete.
2026-09-23 22:19:46,952 [INFO] app.agents.feature_agent: --- FEATURE AGENT ---
2026-09-23 22:19:46,981 [INFO] app.agents.feature_agent: Identifier columns: []
2026-09-23 22:19:46,981 [INFO] app.agents.feature_agent: Numeric features: ['study_hours', 'attendance', 'assignment_score', 'midterm_score', 'project_score', 'sleep_hours', 'previous_gpa', 'participation']
2026-09-23 22:19:46,981 [INFO] app.agents.feature_agent: Categorical features: []
2026-09-23 22:19:46,994 [INFO] app.agents.feature_agent: Missing-value columns: []
2026-09-23 22:19:46,994 [INFO] app.agents.feature_agent: Feature analysis complete. Recommendations: 8
2026-09-23 22:19:47,044 [INFO] app.agents.research_agent: --- RESEARCH AGENT ---
2026-09-23 22:19:47,044 [INFO] app.agents.research_agent: Generating research plan...
2026-09-23 22:19:48,539 [INFO] app.agents.research_agent: Problem type: regression
2026-09-23 22:19:48,539 [INFO] app.agents.research_agent: Models: ['Linear Regression', 'Random Forest Regressor', 'Gradient Boosting Regressor']
2026-09-23 22:19:48,539 [INFO] app.agents.research_agent: Reasoning: The target column 'final_score' is a continuous numeric variable (float64) representing a student's final exam score. This makes the task a regression problem, where the goal is to predict a real-valued outcome. To establish a diverse baseline, we will evaluate three representative modeling approaches:
1. **Linear Regression** – a simple linear model that provides a straightforward baseline and helps assess linear relationships between the features and the target.
2. **Random Forest Regressor** – a bagging ensemble of decision trees that captures non‑linear interactions and is robust to outliers.
3. **Gradient Boosting Regressor** – a boosting ensemble that builds trees sequentially to improve on errors of prior models, often delivering strong predictive performance.
All features are numeric, and the execution layer will automatically handle missing values (none present), apply standard scaling where appropriate, and perform train/validation/test splits. No hyperparameter tuning, ROC‑AUC, precision/recall, or automated feature selection will be performed in this initial baseline experiment.
2026-09-23 22:19:48,595 [INFO] app.agents.split_agent: --- SPLIT AGENT ---
2026-09-23 22:19:48,668 [INFO] app.agents.split_agent: Split sizes -> train: 1200, val: 400, test: 400 (test is held out until final_report_agent)
2026-09-23 22:19:48,726 [INFO] app.agents.experiment_agent: --- EXPERIMENT AGENT ---
2026-09-23 22:19:48,728 [INFO] app.agents.experiment_agent: Running proposed baseline: Linear Regression
2026-09-23 22:19:49,094 [INFO] app.agents.experiment_agent: New best experiment: rmse=2.180097
2026-09-23 22:19:49,094 [INFO] app.agents.experiment_agent: Experiment result: {'model': 'Linear Regression', 'problem_type': 'regression', 'train_samples': 1200, 'val_samples': 400, 'applied_params': {}, 'rejected_params': [], 'cross_validation': {'folds': 5, 'scoring': 'neg_root_mean_squared_error', 'mean': -2.3170033050911414, 'std': 0.04685201195327751}, 'rmse': 2.1800966231149403, 'r2': 0.7438422548938883, 'experiment_type': 'baseline_model', 'experiment_id': 'baseline_model::Linear Regression', 'metric_name': 'rmse', 'validation_metric': 2.1800966231149403, 'improvement': None, 'is_best': True}
2026-09-23 22:19:49,149 [INFO] app.agents.evaluation_agent: --- EVALUATION AGENT ---
2026-09-23 22:19:49,149 [INFO] app.agents.evaluation_agent: Best model: Linear Regression
2026-09-23 22:19:49,149 [INFO] app.agents.evaluation_agent: Best rmse (validation): 2.1800966231149403
2026-09-23 22:19:49,193 [INFO] app.agents.critic_agent: --- CRITIC AGENT ---
2026-09-23 22:19:49,193 [INFO] app.agents.critic_agent: Feature engineering attempts: 0/3
2026-09-23 22:19:49,193 [INFO] app.agents.critic_agent: Completed baseline models: ['Linear Regression']
2026-09-23 22:19:49,193 [INFO] app.agents.critic_agent: Pending baseline model: Random Forest Regressor
2026-09-23 22:19:49,193 [INFO] app.agents.critic_agent: Deterministically selecting pending baseline: Random Forest Regressor
2026-09-23 22:19:49,230 [INFO] app.supervisor: --- SUPERVISOR ---
2026-09-23 22:19:49,243 [INFO] app.supervisor: Critic decision: continue
2026-09-23 22:19:49,244 [INFO] app.supervisor: Experiment type: baseline_model
2026-09-23 22:19:49,246 [INFO] app.supervisor: Supervisor iteration: 1/8
2026-09-23 22:19:49,246 [INFO] app.supervisor: Routing to experiment agent: Random Forest Regressor
2026-09-23 22:19:49,284 [INFO] app.agents.experiment_agent: --- EXPERIMENT AGENT ---
2026-09-23 22:19:49,288 [INFO] app.agents.experiment_agent: Running proposed baseline: Random Forest Regressor
2026-09-23 22:19:58,651 [INFO] app.agents.experiment_agent: Experiment did not improve best rmse: 2.624118
2026-09-23 22:19:58,651 [INFO] app.agents.experiment_agent: Experiment result: {'model': 'Random Forest Regressor', 'problem_type': 'regression', 'train_samples': 1200, 'val_samples': 400, 'applied_params': {}, 'rejected_params': [], 'cross_validation': {'folds': 5, 'scoring': 'neg_root_mean_squared_error', 'mean': -2.750820778229152, 'std': 0.09515939615316193}, 'rmse': 2.6241178968800263, 'r2': 0.6288728781524786, 'experiment_type': 'baseline_model', 'experiment_id': 'baseline_model::Random Forest Regressor', 'metric_name': 'rmse', 'validation_metric': 2.6241178968800263, 'improvement': -0.44402127376508593, 'is_best': False}
2026-09-23 22:19:58,698 [INFO] app.agents.evaluation_agent: --- EVALUATION AGENT ---
2026-09-23 22:19:58,699 [INFO] app.agents.evaluation_agent: Best model: Linear Regression
2026-09-23 22:19:58,699 [INFO] app.agents.evaluation_agent: Best rmse (validation): 2.1800966231149403
2026-09-23 22:19:58,740 [INFO] app.agents.critic_agent: --- CRITIC AGENT ---
2026-09-23 22:19:58,740 [INFO] app.agents.critic_agent: Feature engineering attempts: 0/3
2026-09-23 22:19:58,749 [INFO] app.agents.critic_agent: Completed baseline models: ['Linear Regression', 'Random Forest Regressor']
2026-09-23 22:19:58,749 [INFO] app.agents.critic_agent: Pending baseline model: Gradient Boosting Regressor
2026-09-23 22:19:58,749 [INFO] app.agents.critic_agent: Deterministically selecting pending baseline: Gradient Boosting Regressor
2026-09-23 22:19:58,805 [INFO] app.supervisor: --- SUPERVISOR ---
2026-09-23 22:19:58,805 [INFO] app.supervisor: Critic decision: continue
2026-09-23 22:19:58,807 [INFO] app.supervisor: Experiment type: baseline_model
2026-09-23 22:19:58,807 [INFO] app.supervisor: Supervisor iteration: 2/8
2026-09-23 22:19:58,807 [INFO] app.supervisor: Routing to experiment agent: Gradient Boosting Regressor
2026-09-23 22:19:58,844 [INFO] app.agents.experiment_agent: --- EXPERIMENT AGENT ---
2026-09-23 22:19:58,844 [INFO] app.agents.experiment_agent: Running proposed baseline: Gradient Boosting Regressor
2026-09-23 22:20:03,993 [INFO] app.agents.experiment_agent: Experiment did not improve best rmse: 2.457644
2026-09-23 22:20:03,993 [INFO] app.agents.experiment_agent: Experiment result: {'model': 'Gradient Boosting Regressor', 'problem_type': 'regression', 'train_samples': 1200, 'val_samples': 400, 'applied_params': {}, 'rejected_params': [], 'cross_validation': {'folds': 5, 'scoring': 'neg_root_mean_squared_error', 'mean': -2.5704499248969794, 'std': 0.0877320313274491}, 'rmse': 2.457644255009927, 'r2': 0.6744677313825886, 'experiment_type': 'baseline_model', 'experiment_id': 'baseline_model::Gradient Boosting Regressor', 'metric_name': 'rmse', 'validation_metric': 2.457644255009927, 'improvement': -0.27754763189498677, 'is_best': False}
2026-09-23 22:20:04,055 [INFO] app.agents.evaluation_agent: --- EVALUATION AGENT ---
2026-09-23 22:20:04,055 [INFO] app.agents.evaluation_agent: Best model: Linear Regression
2026-09-23 22:20:04,055 [INFO] app.agents.evaluation_agent: Best rmse (validation): 2.1800966231149403
2026-09-23 22:20:04,089 [INFO] app.agents.critic_agent: --- CRITIC AGENT ---
2026-09-23 22:20:04,089 [INFO] app.agents.critic_agent: Feature engineering attempts: 0/3
2026-09-23 22:20:04,089 [INFO] app.agents.critic_agent: Completed baseline models: ['Gradient Boosting Regressor', 'Linear Regression', 'Random Forest Regressor']
2026-09-23 22:20:04,089 [INFO] app.agents.critic_agent: Pending baseline model: None
2026-09-23 22:20:04,097 [INFO] app.agents.critic_agent: All baseline models completed. Critic reviewing feature engineering opportunity...
2026-09-23 22:20:05,578 [INFO] app.agents.critic_agent: Decision: feature_engineering
2026-09-23 22:20:05,578 [INFO] app.agents.critic_agent: Experiment type: feature_engineering
2026-09-23 22:20:05,578 [INFO] app.agents.critic_agent: Model: Gradient Boosting Regressor
2026-09-23 22:20:05,578 [INFO] app.agents.critic_agent: Feature type: numeric_interaction
2026-09-23 22:20:05,578 [INFO] app.agents.critic_agent: Recommendation: Run a Gradient Boosting Regressor experiment using numeric interaction feature engineering.
2026-09-23 22:20:05,628 [INFO] app.supervisor: --- SUPERVISOR ---
2026-09-23 22:20:05,638 [INFO] app.supervisor: Critic decision: feature_engineering
2026-09-23 22:20:05,638 [INFO] app.supervisor: Experiment type: feature_engineering
2026-09-23 22:20:05,638 [INFO] app.supervisor: Supervisor iteration: 3/8
2026-09-23 22:20:05,638 [INFO] app.supervisor: Routing to feature engineering agent.
2026-09-23 22:20:05,681 [INFO] app.agents.feature_engineering_agent: --- FEATURE ENGINEERING AGENT ---
2026-09-23 22:20:05,694 [INFO] app.agents.feature_engineering_agent: Numeric columns: ['study_hours', 'attendance', 'assignment_score', 'midterm_score', 'project_score', 'sleep_hours', 'previous_gpa', 'participation']
2026-09-23 22:20:05,694 [INFO] app.agents.feature_engineering_agent: Categorical columns: []
2026-09-23 22:20:05,704 [INFO] app.agents.feature_engineering_agent: Unique feature transformations already tested: 0
2026-09-23 22:20:05,704 [INFO] app.agents.feature_engineering_agent: Critic requested model: Gradient Boosting Regressor
2026-09-23 22:20:05,705 [INFO] app.agents.feature_engineering_agent: Critic requested feature type: numeric_interaction
2026-09-23 22:20:05,707 [INFO] app.agents.feature_engineering_agent: Requested feature type: numeric_interaction
2026-09-23 22:20:05,707 [INFO] app.agents.feature_engineering_agent: Valid candidates for numeric_interaction: 56
2026-09-23 22:20:05,707 [INFO] app.agents.feature_engineering_agent: Selected model: Gradient Boosting Regressor
2026-09-23 22:20:05,707 [INFO] app.agents.feature_engineering_agent: Feature type: numeric_interaction
2026-09-23 22:20:05,710 [INFO] app.agents.feature_engineering_agent: Source columns: ['study_hours', 'attendance']
2026-09-23 22:20:05,710 [INFO] app.agents.feature_engineering_agent: Feature name: numeric_interaction__study_hours__attendance
2026-09-23 22:20:05,710 [INFO] app.agents.feature_engineering_agent: Feature selection followed the Critic's requested transformation.
2026-09-23 22:20:05,755 [INFO] app.agents.experiment_agent: --- EXPERIMENT AGENT ---
2026-09-23 22:20:05,755 [INFO] app.agents.experiment_agent: Applying feature engineering: numeric_interaction
2026-09-23 22:20:05,775 [INFO] app.agents.experiment_agent: Running model: Gradient Boosting Regressor
2026-09-23 22:20:11,308 [INFO] app.agents.experiment_agent: Experiment did not improve best rmse: 2.426494
2026-09-23 22:20:11,308 [INFO] app.agents.experiment_agent: Feature engineering experiment result: {'model': 'Gradient Boosting Regressor', 'problem_type': 'regression', 'train_samples': 1200, 'val_samples': 400, 'applied_params': {}, 'rejected_params': [], 'cross_validation': {'folds': 5, 'scoring': 'neg_root_mean_squared_error', 'mean': -2.551322817602864, 'std': 0.06933404180203978}, 'rmse': 2.426494302324795, 'r2': 0.6826674957865844, 'experiment_type': 'feature_engineering', 'experiment_id': 'feature_engineering::numeric_interaction::study_hours::attendance::Gradient Boosting Regressor', 'feature_type': 'numeric_interaction', 'feature_name': 'numeric_interaction__study_hours__attendance', 'source_columns': ['study_hours', 'attendance'], 'note': 'Feature transformation was created successfully.', 'metric_name': 'rmse', 'validation_metric': 2.426494302324795, 'improvement': -0.24639767920985456, 'is_best': False}
2026-09-23 22:20:11,370 [INFO] app.agents.evaluation_agent: --- EVALUATION AGENT ---
2026-09-23 22:20:11,370 [INFO] app.agents.evaluation_agent: Best model: Linear Regression
2026-09-23 22:20:11,370 [INFO] app.agents.evaluation_agent: Best rmse (validation): 2.1800966231149403
2026-09-23 22:20:11,420 [INFO] app.agents.critic_agent: --- CRITIC AGENT ---
2026-09-23 22:20:11,420 [INFO] app.agents.critic_agent: Feature engineering attempts: 1/3
2026-09-23 22:20:11,423 [INFO] app.agents.critic_agent: Completed baseline models: ['Gradient Boosting Regressor', 'Linear Regression', 'Random Forest Regressor']
2026-09-23 22:20:11,423 [INFO] app.agents.critic_agent: Pending baseline model: None
2026-09-23 22:20:11,423 [INFO] app.agents.critic_agent: All baseline models completed. Critic reviewing feature engineering opportunity...
2026-09-23 22:20:12,751 [INFO] app.agents.critic_agent: Decision: feature_engineering
2026-09-23 22:20:12,751 [INFO] app.agents.critic_agent: Experiment type: feature_engineering
2026-09-23 22:20:12,751 [INFO] app.agents.critic_agent: Model: Random Forest Regressor
2026-09-23 22:20:12,751 [INFO] app.agents.critic_agent: Feature type: numeric_ratio
2026-09-23 22:20:12,751 [INFO] app.agents.critic_agent: Recommendation: 
2026-09-23 22:20:12,805 [INFO] app.supervisor: --- SUPERVISOR ---
2026-09-23 22:20:12,808 [INFO] app.supervisor: Critic decision: feature_engineering
2026-09-23 22:20:12,808 [INFO] app.supervisor: Experiment type: feature_engineering
2026-09-23 22:20:12,810 [INFO] app.supervisor: Supervisor iteration: 4/8
2026-09-23 22:20:12,810 [INFO] app.supervisor: Routing to feature engineering agent.
2026-09-23 22:20:12,861 [INFO] app.agents.feature_engineering_agent: --- FEATURE ENGINEERING AGENT ---
2026-09-23 22:20:12,886 [INFO] app.agents.feature_engineering_agent: Numeric columns: ['study_hours', 'attendance', 'assignment_score', 'midterm_score', 'project_score', 'sleep_hours', 'previous_gpa', 'participation']
2026-09-23 22:20:12,886 [INFO] app.agents.feature_engineering_agent: Categorical columns: []
2026-09-23 22:20:12,886 [INFO] app.agents.feature_engineering_agent: Unique feature transformations already tested: 1
2026-09-23 22:20:12,886 [INFO] app.agents.feature_engineering_agent: Critic requested model: Random Forest Regressor
2026-09-23 22:20:12,886 [INFO] app.agents.feature_engineering_agent: Critic requested feature type: numeric_ratio
2026-09-23 22:20:12,886 [INFO] app.agents.feature_engineering_agent: Requested feature type: numeric_ratio
2026-09-23 22:20:12,894 [INFO] app.agents.feature_engineering_agent: Valid candidates for numeric_ratio: 56
2026-09-23 22:20:12,894 [INFO] app.agents.feature_engineering_agent: Selected model: Random Forest Regressor
2026-09-23 22:20:12,894 [INFO] app.agents.feature_engineering_agent: Feature type: numeric_ratio
2026-09-23 22:20:12,894 [INFO] app.agents.feature_engineering_agent: Source columns: ['study_hours', 'attendance']
2026-09-23 22:20:12,894 [INFO] app.agents.feature_engineering_agent: Feature name: numeric_ratio__study_hours__attendance
2026-09-23 22:20:12,894 [INFO] app.agents.feature_engineering_agent: Feature selection followed the Critic's requested transformation.
2026-09-23 22:20:12,953 [INFO] app.agents.experiment_agent: --- EXPERIMENT AGENT ---
2026-09-23 22:20:12,959 [INFO] app.agents.experiment_agent: Applying feature engineering: numeric_ratio
2026-09-23 22:20:12,994 [INFO] app.agents.experiment_agent: Running model: Random Forest Regressor
2026-09-23 22:20:23,400 [INFO] app.agents.experiment_agent: Experiment did not improve best rmse: 2.625471
2026-09-23 22:20:23,400 [INFO] app.agents.experiment_agent: Feature engineering experiment result: {'model': 'Random Forest Regressor', 'problem_type': 'regression', 'train_samples': 1200, 'val_samples': 400, 'applied_params': {}, 'rejected_params': [], 'cross_validation': {'folds': 5, 'scoring': 'neg_root_mean_squared_error', 'mean': -2.7576702539816678, 'std': 0.09469347925593073}, 'rmse': 2.6254711053281636, 'r2': 0.6284900128490813, 'experiment_type': 'feature_engineering', 'experiment_id': 'feature_engineering::numeric_ratio::study_hours::attendance::Random Forest Regressor', 'feature_type': 'numeric_ratio', 'feature_name': 'numeric_ratio__study_hours__attendance', 'source_columns': ['study_hours', 'attendance'], 'note': 'Feature transformation was created successfully.', 'metric_name': 'rmse', 'validation_metric': 2.6254711053281636, 'improvement': -0.4453744822132233, 'is_best': False}
2026-09-23 22:20:23,458 [INFO] app.agents.evaluation_agent: --- EVALUATION AGENT ---
2026-09-23 22:20:23,466 [INFO] app.agents.evaluation_agent: Best model: Linear Regression
2026-09-23 22:20:23,467 [INFO] app.agents.evaluation_agent: Best rmse (validation): 2.1800966231149403
2026-09-23 22:20:23,526 [INFO] app.agents.critic_agent: --- CRITIC AGENT ---
2026-09-23 22:20:23,526 [INFO] app.agents.critic_agent: Feature engineering attempts: 2/3
2026-09-23 22:20:23,528 [INFO] app.agents.critic_agent: Completed baseline models: ['Gradient Boosting Regressor', 'Linear Regression', 'Random Forest Regressor']
2026-09-23 22:20:23,528 [INFO] app.agents.critic_agent: Pending baseline model: None
2026-09-23 22:20:23,528 [INFO] app.agents.critic_agent: All baseline models completed. Critic reviewing feature engineering opportunity...
2026-09-23 22:20:25,537 [INFO] app.agents.critic_agent: Decision: feature_engineering
2026-09-23 22:20:25,537 [INFO] app.agents.critic_agent: Experiment type: feature_engineering
2026-09-23 22:20:25,537 [INFO] app.agents.critic_agent: Model: Linear Regression
2026-09-23 22:20:25,537 [INFO] app.agents.critic_agent: Feature type: numeric_interaction
2026-09-23 22:20:25,537 [INFO] app.agents.critic_agent: Recommendation: Proceed with a Linear Regression experiment using numeric interaction feature engineering.
2026-09-23 22:20:25,599 [INFO] app.supervisor: --- SUPERVISOR ---
2026-09-23 22:20:25,599 [INFO] app.supervisor: Critic decision: feature_engineering
2026-09-23 22:20:25,599 [INFO] app.supervisor: Experiment type: feature_engineering
2026-09-23 22:20:25,601 [INFO] app.supervisor: Supervisor iteration: 5/8
2026-09-23 22:20:25,601 [INFO] app.supervisor: Routing to feature engineering agent.
2026-09-23 22:20:25,636 [INFO] app.agents.feature_engineering_agent: --- FEATURE ENGINEERING AGENT ---
2026-09-23 22:20:25,666 [INFO] app.agents.feature_engineering_agent: Numeric columns: ['study_hours', 'attendance', 'assignment_score', 'midterm_score', 'project_score', 'sleep_hours', 'previous_gpa', 'participation']
2026-09-23 22:20:25,666 [INFO] app.agents.feature_engineering_agent: Categorical columns: []
2026-09-23 22:20:25,666 [INFO] app.agents.feature_engineering_agent: Unique feature transformations already tested: 2
2026-09-23 22:20:25,666 [INFO] app.agents.feature_engineering_agent: Critic requested model: Linear Regression
2026-09-23 22:20:25,672 [INFO] app.agents.feature_engineering_agent: Critic requested feature type: numeric_interaction
2026-09-23 22:20:25,672 [INFO] app.agents.feature_engineering_agent: Requested feature type: numeric_interaction
2026-09-23 22:20:25,672 [INFO] app.agents.feature_engineering_agent: Valid candidates for numeric_interaction: 56
2026-09-23 22:20:25,672 [INFO] app.agents.feature_engineering_agent: Selected model: Linear Regression
2026-09-23 22:20:25,672 [INFO] app.agents.feature_engineering_agent: Feature type: numeric_interaction
2026-09-23 22:20:25,672 [INFO] app.agents.feature_engineering_agent: Source columns: ['study_hours', 'assignment_score']
2026-09-23 22:20:25,672 [INFO] app.agents.feature_engineering_agent: Feature name: numeric_interaction__study_hours__assignment_score
2026-09-23 22:20:25,672 [INFO] app.agents.feature_engineering_agent: Feature selection followed the Critic's requested transformation.
2026-09-23 22:20:25,730 [INFO] app.agents.experiment_agent: --- EXPERIMENT AGENT ---
2026-09-23 22:20:25,730 [INFO] app.agents.experiment_agent: Applying feature engineering: numeric_interaction
2026-09-23 22:20:25,754 [INFO] app.agents.experiment_agent: Running model: Linear Regression
2026-09-23 22:20:26,054 [INFO] app.agents.experiment_agent: New best experiment: rmse=2.179848
2026-09-23 22:20:26,054 [INFO] app.agents.experiment_agent: Feature engineering experiment result: {'model': 'Linear Regression', 'problem_type': 'regression', 'train_samples': 1200, 'val_samples': 400, 'applied_params': {}, 'rejected_params': [], 'cross_validation': {'folds': 5, 'scoring': 'neg_root_mean_squared_error', 'mean': -2.317979315350784, 'std': 0.046416119020404746}, 'rmse': 2.179847547722865, 'r2': 0.7439007834429494, 'experiment_type': 'feature_engineering', 'experiment_id': 'feature_engineering::numeric_interaction::study_hours::assignment_score::Linear Regression', 'feature_type': 'numeric_interaction', 'feature_name': 'numeric_interaction__study_hours__assignment_score', 'source_columns': ['study_hours', 'assignment_score'], 'note': 'Feature transformation was created successfully.', 'metric_name': 'rmse', 'validation_metric': 2.179847547722865, 'improvement': 0.0002490753920754152, 'is_best': True}
2026-09-23 22:20:26,130 [INFO] app.agents.evaluation_agent: --- EVALUATION AGENT ---
2026-09-23 22:20:26,130 [INFO] app.agents.evaluation_agent: Best model: Linear Regression
2026-09-23 22:20:26,132 [INFO] app.agents.evaluation_agent: Best rmse (validation): 2.179847547722865
2026-09-23 22:20:26,176 [INFO] app.agents.critic_agent: --- CRITIC AGENT ---
2026-09-23 22:20:26,176 [INFO] app.agents.critic_agent: Feature engineering attempts: 3/3
2026-09-23 22:20:26,176 [INFO] app.agents.critic_agent: Completed baseline models: ['Gradient Boosting Regressor', 'Linear Regression', 'Random Forest Regressor']
2026-09-23 22:20:26,179 [INFO] app.agents.critic_agent: Pending baseline model: None
2026-09-23 22:20:26,179 [INFO] app.agents.critic_agent: All baselines completed and feature engineering budget exhausted. Forcing finish.
2026-09-23 22:20:26,229 [INFO] app.supervisor: --- SUPERVISOR ---
2026-09-23 22:20:26,229 [INFO] app.supervisor: Critic decision: finish
2026-09-23 22:20:26,231 [INFO] app.supervisor: Experiment type: none
2026-09-23 22:20:26,232 [INFO] app.supervisor: Supervisor iteration: 6/8
2026-09-23 22:20:26,232 [INFO] app.supervisor: Research finished.
2026-09-23 22:20:26,274 [INFO] app.agents.final_report_agent: --- FINAL REPORT AGENT ---
2026-09-23 22:20:26,274 [INFO] app.agents.final_report_agent: Final model: Linear Regression
2026-09-23 22:20:26,274 [INFO] app.agents.final_report_agent: Running final held-out evaluation on train + validation versus test.
2026-09-23 22:20:26,274 [ERROR] app.agents.final_report_agent: Final held-out evaluation failed.
Traceback (most recent call last):
  File "C:\Users\fazza\PycharmProjects\ml research lab\app\agents\final_report_agent.py", line 290, in final_report_agent
    held_out_test = run_final_holdout_evaluation(
                    ^^^^^^^^^^^^^^^^^^^^^^^^^^^^^
  File "C:\Users\fazza\PycharmProjects\ml research lab\app\tools\ml_tools.py", line 325, in run_final_holdout_evaluation
    df = apply_feature_engineering(
         ^^^^^^^^^^^^^^^^^^^^^^^^^^
TypeError: apply_feature_engineering() missing 1 required positional argument: 'source_columns'
