2026-09-22 11:29:49,922 [INFO] __main__: Starting ML Research Lab...
2026-09-22 11:29:49,924 [INFO] app.agents.data_agent: --- DATA AGENT ---
2026-09-22 11:29:49,924 [INFO] app.agents.data_agent: Profiling dataset: data/student_performance_regression.csv
2026-09-22 11:29:49,932 [INFO] app.agents.data_agent: Dataset profiling complete.
2026-09-22 11:29:49,933 [INFO] app.agents.feature_agent: --- FEATURE AGENT ---
2026-09-22 11:29:49,938 [INFO] app.agents.feature_agent: Identifier columns: []
2026-09-22 11:29:49,938 [INFO] app.agents.feature_agent: Numeric features: ['study_hours', 'attendance', 'assignment_score', 'midterm_score', 'project_score', 'sleep_hours', 'previous_gpa', 'participation']
2026-09-22 11:29:49,940 [INFO] app.agents.feature_agent: Categorical features: []
2026-09-22 11:29:49,940 [INFO] app.agents.feature_agent: Missing-value columns: []
2026-09-22 11:29:49,940 [INFO] app.agents.feature_agent: Feature analysis complete. Recommendations: 8
2026-09-22 11:29:49,940 [INFO] app.agents.research_agent: --- RESEARCH AGENT ---
2026-09-22 11:29:49,940 [INFO] app.agents.research_agent: Generating research plan...
2026-09-22 11:29:52,631 [INFO] app.agents.research_agent: Problem type: regression
2026-09-22 11:29:52,631 [INFO] app.agents.research_agent: Models: ['Linear Regression', 'Random Forest Regressor', 'Gradient Boosting Regressor']
2026-09-22 11:29:52,631 [INFO] app.agents.research_agent: Reasoning: The target column 'final_score' is a numeric continuous variable, indicating a regression problem. To establish diverse baselines, we will use a linear model (Linear Regression) as a simple baseline, a bagging tree ensemble (Random Forest Regressor) to capture non-linear relationships and interactions, and a boosting tree ensemble (Gradient Boosting Regressor) for potentially higher predictive performance. All selected models are supported by the execution layer, which will handle train/validation/test splitting, scaling, and evaluation using RMSE and R2.
2026-09-22 11:29:52,632 [INFO] app.agents.split_agent: --- SPLIT AGENT ---
2026-09-22 11:29:52,642 [INFO] app.agents.split_agent: Split sizes -> train: 1200, val: 400, test: 400 (test is held out until final_report_agent)
2026-09-22 11:29:52,642 [INFO] app.agents.experiment_agent: --- EXPERIMENT AGENT ---
2026-09-22 11:29:52,642 [INFO] app.agents.experiment_agent: Running proposed baseline: Linear Regression
2026-09-22 11:29:52,694 [INFO] app.agents.experiment_agent: Experiment result: {'model': 'Linear Regression', 'problem_type': 'regression', 'train_samples': 1200, 'val_samples': 400, 'applied_params': {}, 'rejected_params': [], 'cross_validation': {'folds': 5, 'scoring': 'neg_root_mean_squared_error', 'mean': -2.3110738484873723, 'std': 0.045073746335269504}, 'rmse': 2.1932154701164466, 'r2': 0.7708220916958074, 'experiment_type': 'baseline_model'}
2026-09-22 11:29:52,695 [INFO] app.agents.evaluation_agent: --- EVALUATION AGENT ---
2026-09-22 11:29:52,695 [INFO] app.agents.evaluation_agent: Best model: Linear Regression
2026-09-22 11:29:52,695 [INFO] app.agents.evaluation_agent: Best rmse (validation): 2.1932154701164466
2026-09-22 11:29:52,695 [INFO] app.agents.critic_agent: --- CRITIC AGENT ---
2026-09-22 11:29:52,696 [INFO] app.agents.critic_agent: Feature engineering attempts: 0/3
2026-09-22 11:29:52,696 [INFO] app.agents.critic_agent: Critic reviewing experiments...
2026-09-22 11:29:55,179 [INFO] app.agents.critic_agent: Decision: continue
2026-09-22 11:29:55,179 [INFO] app.agents.critic_agent: Experiment type: baseline_model
2026-09-22 11:29:55,180 [INFO] app.agents.critic_agent: Model: Random Forest Regressor
2026-09-22 11:29:55,180 [INFO] app.agents.critic_agent: Recommendation: Proceed with training and evaluating the Random Forest Regressor baseline using default hyperparameters.
2026-09-22 11:29:55,181 [INFO] app.supervisor: --- SUPERVISOR ---
2026-09-22 11:29:55,181 [INFO] app.supervisor: Critic decision: continue
2026-09-22 11:29:55,181 [INFO] app.supervisor: Experiment type: baseline_model
2026-09-22 11:29:55,181 [INFO] app.supervisor: Supervisor iteration: 1/8
2026-09-22 11:29:55,181 [INFO] app.supervisor: Routing to experiment agent: Random Forest Regressor
2026-09-22 11:29:55,182 [INFO] app.agents.experiment_agent: --- EXPERIMENT AGENT ---
2026-09-22 11:29:55,182 [INFO] app.agents.experiment_agent: Running proposed baseline: Random Forest Regressor
2026-09-22 11:29:56,807 [INFO] app.agents.experiment_agent: Experiment result: {'model': 'Random Forest Regressor', 'problem_type': 'regression', 'train_samples': 1200, 'val_samples': 400, 'applied_params': {}, 'rejected_params': [], 'cross_validation': {'folds': 5, 'scoring': 'neg_root_mean_squared_error', 'mean': -2.7559554211596633, 'std': 0.15977006288675644}, 'rmse': 2.5785490366961263, 'r2': 0.683217676482015, 'experiment_type': 'baseline_model'}
2026-09-22 11:29:56,808 [INFO] app.agents.evaluation_agent: --- EVALUATION AGENT ---
2026-09-22 11:29:56,808 [INFO] app.agents.evaluation_agent: Best model: Linear Regression
2026-09-22 11:29:56,808 [INFO] app.agents.evaluation_agent: Best rmse (validation): 2.1932154701164466
2026-09-22 11:29:56,808 [INFO] app.agents.critic_agent: --- CRITIC AGENT ---
2026-09-22 11:29:56,808 [INFO] app.agents.critic_agent: Feature engineering attempts: 0/3
2026-09-22 11:29:56,808 [INFO] app.agents.critic_agent: Critic reviewing experiments...
2026-09-22 11:29:58,761 [INFO] app.agents.critic_agent: Decision: continue
2026-09-22 11:29:58,761 [INFO] app.agents.critic_agent: Experiment type: baseline_model
2026-09-22 11:29:58,761 [INFO] app.agents.critic_agent: Model: Gradient Boosting Regressor
2026-09-22 11:29:58,761 [INFO] app.agents.critic_agent: Recommendation: Proceed with training and evaluating the Gradient Boosting Regressor baseline using default hyperparameters.
2026-09-22 11:29:58,762 [INFO] app.supervisor: --- SUPERVISOR ---
2026-09-22 11:29:58,762 [INFO] app.supervisor: Critic decision: continue
2026-09-22 11:29:58,762 [INFO] app.supervisor: Experiment type: baseline_model
2026-09-22 11:29:58,762 [INFO] app.supervisor: Supervisor iteration: 2/8
2026-09-22 11:29:58,762 [INFO] app.supervisor: Routing to experiment agent: Gradient Boosting Regressor
2026-09-22 11:29:58,762 [INFO] app.agents.experiment_agent: --- EXPERIMENT AGENT ---
2026-09-22 11:29:58,762 [INFO] app.agents.experiment_agent: Running proposed baseline: Gradient Boosting Regressor
2026-09-22 11:29:59,679 [INFO] app.agents.experiment_agent: Experiment result: {'model': 'Gradient Boosting Regressor', 'problem_type': 'regression', 'train_samples': 1200, 'val_samples': 400, 'applied_params': {}, 'rejected_params': [], 'cross_validation': {'folds': 5, 'scoring': 'neg_root_mean_squared_error', 'mean': -2.5402998891720165, 'std': 0.152309954925953}, 'rmse': 2.447823018156712, 'r2': 0.7145236213889478, 'experiment_type': 'baseline_model'}
2026-09-22 11:29:59,680 [INFO] app.agents.evaluation_agent: --- EVALUATION AGENT ---
2026-09-22 11:29:59,680 [INFO] app.agents.evaluation_agent: Best model: Linear Regression
2026-09-22 11:29:59,680 [INFO] app.agents.evaluation_agent: Best rmse (validation): 2.1932154701164466
2026-09-22 11:29:59,680 [INFO] app.agents.critic_agent: --- CRITIC AGENT ---
2026-09-22 11:29:59,680 [INFO] app.agents.critic_agent: Feature engineering attempts: 0/3
2026-09-22 11:29:59,680 [INFO] app.agents.critic_agent: Critic reviewing experiments...
2026-09-22 11:30:01,834 [INFO] app.agents.critic_agent: Decision: feature_engineering
2026-09-22 11:30:01,834 [INFO] app.agents.critic_agent: Experiment type: feature_engineering
2026-09-22 11:30:01,834 [INFO] app.agents.critic_agent: Model: None
2026-09-22 11:30:01,834 [INFO] app.agents.critic_agent: Recommendation: Proceed with a feature engineering experiment to generate new features for the regression task.
2026-09-22 11:30:01,835 [INFO] app.supervisor: --- SUPERVISOR ---
2026-09-22 11:30:01,836 [INFO] app.supervisor: Critic decision: feature_engineering
2026-09-22 11:30:01,836 [INFO] app.supervisor: Experiment type: feature_engineering
2026-09-22 11:30:01,836 [INFO] app.supervisor: Supervisor iteration: 3/8
2026-09-22 11:30:01,836 [INFO] app.supervisor: Routing to feature engineering agent.
2026-09-22 11:30:01,837 [INFO] app.agents.feature_engineering_agent: --- FEATURE ENGINEERING AGENT ---
2026-09-22 11:30:01,845 [INFO] app.agents.feature_engineering_agent: Generating generic feature engineering proposal...
2026-09-22 11:30:15,913 [INFO] app.agents.feature_engineering_agent: Decision: propose
2026-09-22 11:30:15,913 [INFO] app.agents.feature_engineering_agent: Feature type: numeric_interaction
2026-09-22 11:30:15,914 [INFO] app.agents.feature_engineering_agent: Source columns: ['study_hours', 'assignment_score']
2026-09-22 11:30:15,914 [INFO] app.agents.feature_engineering_agent: Feature name: None
2026-09-22 11:30:15,914 [INFO] app.agents.feature_engineering_agent: Reasoning: The interaction between study_hours and assignment_score can capture how the amount of study amplifies the effect of assignment performance on the final_score. In a linear regression model, a product term allows the model to represent a multiplicative relationship that would otherwise be missed by additive features alone, potentially improving the fit.
2026-09-22 11:30:15,914 [INFO] app.agents.experiment_agent: --- EXPERIMENT AGENT ---
2026-09-22 11:30:15,914 [INFO] app.agents.experiment_agent: Applying feature engineering: numeric_interaction
2026-09-22 11:30:15,920 [INFO] app.agents.experiment_agent: Running model: Linear Regression
2026-09-22 11:30:15,983 [INFO] app.agents.experiment_agent: Feature engineering experiment result: {'model': 'Linear Regression', 'problem_type': 'regression', 'train_samples': 1200, 'val_samples': 400, 'applied_params': {}, 'rejected_params': [], 'cross_validation': {'folds': 5, 'scoring': 'neg_root_mean_squared_error', 'mean': -2.3152297580567187, 'std': 0.04652216221686074}, 'rmse': 2.193922321976302, 'r2': 0.7706743443015328, 'experiment_type': 'feature_engineering', 'feature_type': 'numeric_interaction', 'feature_name': 'numeric_interaction_study_hours_assignment_score', 'note': 'Feature transformation was created successfully.'}
2026-09-22 11:30:15,984 [INFO] app.agents.evaluation_agent: --- EVALUATION AGENT ---
2026-09-22 11:30:15,984 [INFO] app.agents.evaluation_agent: Best model: Linear Regression
2026-09-22 11:30:15,984 [INFO] app.agents.evaluation_agent: Best rmse (validation): 2.1932154701164466
2026-09-22 11:30:15,984 [INFO] app.agents.critic_agent: --- CRITIC AGENT ---
2026-09-22 11:30:15,985 [INFO] app.agents.critic_agent: Feature engineering attempts: 1/3
2026-09-22 11:30:15,985 [INFO] app.agents.critic_agent: Critic reviewing experiments...
2026-09-22 11:30:30,858 [INFO] app.agents.critic_agent: Decision: finish
2026-09-22 11:30:30,858 [INFO] app.agents.critic_agent: Experiment type: none
2026-09-22 11:30:30,858 [INFO] app.agents.critic_agent: Model: None
2026-09-22 11:30:30,858 [INFO] app.agents.critic_agent: Recommendation: Terminate the research loop; no further experiments are warranted at this time.
2026-09-22 11:30:30,859 [INFO] app.supervisor: --- SUPERVISOR ---
2026-09-22 11:30:30,859 [INFO] app.supervisor: Critic decision: finish
2026-09-22 11:30:30,859 [INFO] app.supervisor: Experiment type: none
2026-09-22 11:30:30,859 [INFO] app.supervisor: Supervisor iteration: 4/8
2026-09-22 11:30:30,859 [INFO] app.supervisor: Research finished.
2026-09-22 11:30:30,861 [INFO] app.agents.final_report_agent: --- FINAL REPORT AGENT ---
2026-09-22 11:30:30,883 [INFO] app.agents.final_report_agent: Held-out test rmse: 2.2606403372554547 (retrained on train+val, evaluated once on a test split the critic loop never saw).
2026-09-22 11:30:30,883 [INFO] app.agents.final_report_agent: Final report generated.
2026-09-22 11:30:30,887 [INFO] __main__: Run snapshot saved to: runs\run_20260922_113030_884381.json
