2026-09-23 22:12:58,401 [INFO] __main__: Starting ML Research Lab...
2026-09-23 22:12:58,404 [INFO] app.agents.data_agent: --- DATA AGENT ---
2026-09-23 22:12:58,404 [INFO] app.agents.data_agent: Profiling dataset: data/customer_churn_synthetic.csv
2026-09-23 22:12:58,423 [INFO] app.agents.data_agent: Dataset profiling complete.
2026-09-23 22:12:58,424 [INFO] app.agents.feature_agent: --- FEATURE AGENT ---
2026-09-23 22:12:58,434 [INFO] app.agents.feature_agent: Identifier columns: ['customer_id']
2026-09-23 22:12:58,434 [INFO] app.agents.feature_agent: Numeric features: ['age', 'monthly_income', 'credit_score', 'tenure_years', 'monthly_spend', 'support_tickets', 'late_payments', 'satisfaction_score', 'usage_hours']
2026-09-23 22:12:58,434 [INFO] app.agents.feature_agent: Categorical features: ['contract_type', 'payment_method']
2026-09-23 22:12:58,434 [INFO] app.agents.feature_agent: Missing-value columns: ['monthly_income', 'credit_score', 'satisfaction_score']
2026-09-23 22:12:58,434 [INFO] app.agents.feature_agent: Feature analysis complete. Recommendations: 15
2026-09-23 22:12:58,435 [INFO] app.agents.research_agent: --- RESEARCH AGENT ---
2026-09-23 22:12:58,435 [INFO] app.agents.research_agent: Generating research plan...
2026-09-23 22:13:00,230 [INFO] app.agents.research_agent: Problem type: classification
2026-09-23 22:13:00,230 [INFO] app.agents.research_agent: Models: ['Logistic Regression', 'Random Forest', 'Gradient Boosting']
2026-09-23 22:13:00,230 [INFO] app.agents.research_agent: Reasoning: The target column 'churn' is a string indicating a categorical outcome (e.g., 'yes'/'no'), so the task is a binary classification problem. To establish a robust baseline we will evaluate three complementary model families: 
1. Logistic Regression – a simple linear model that provides a clear baseline and benefits from standard scaling of numeric features. 
2. Random Forest – a bagging ensemble of decision trees that captures non‑linear relationships and is robust to feature scaling. 
3. Gradient Boosting – a boosting ensemble that often yields strong performance on tabular data by sequentially correcting errors of weak learners.
The execution layer will automatically handle missing‑value imputation for 'monthly_income', 'credit_score', and 'satisfaction_score', apply standard scaling to all numeric features, and one‑hot encode the categorical features 'contract_type' and 'payment_method'. The identifier column 'customer_id' will be excluded. A stratified train/validation/test split will be performed, and cross‑validation on the training split will be used to obtain stable estimates. Model performance will be reported using accuracy and weighted F1, which are the metrics supported for classification. This plan establishes diverse baselines without relying on hyperparameter tuning or unavailable metrics.
2026-09-23 22:13:00,231 [INFO] app.agents.split_agent: --- SPLIT AGENT ---
2026-09-23 22:13:00,262 [INFO] app.agents.split_agent: Split sizes -> train: 1500, val: 500, test: 500 (test is held out until final_report_agent)
2026-09-23 22:13:00,262 [INFO] app.agents.experiment_agent: --- EXPERIMENT AGENT ---
2026-09-23 22:13:00,262 [INFO] app.agents.experiment_agent: Running proposed baseline: Logistic Regression
2026-09-23 22:13:00,565 [INFO] app.agents.experiment_agent: New best experiment: f1=0.699725
2026-09-23 22:13:00,565 [INFO] app.agents.experiment_agent: Experiment result: {'model': 'Logistic Regression', 'problem_type': 'classification', 'train_samples': 1500, 'val_samples': 500, 'applied_params': {}, 'rejected_params': [], 'cross_validation': {'folds': 5, 'scoring': 'f1_weighted', 'mean': 0.7163033202664866, 'std': 0.010970270057509973}, 'accuracy': 0.7, 'f1': 0.6997248105054796, 'experiment_type': 'baseline_model', 'experiment_id': 'baseline_model::Logistic Regression', 'metric_name': 'f1', 'validation_metric': 0.6997248105054796, 'improvement': None, 'is_best': True}
2026-09-23 22:13:00,565 [INFO] app.agents.evaluation_agent: --- EVALUATION AGENT ---
2026-09-23 22:13:00,565 [INFO] app.agents.evaluation_agent: Best model: Logistic Regression
2026-09-23 22:13:00,566 [INFO] app.agents.evaluation_agent: Best f1 (validation): 0.6997248105054796
2026-09-23 22:13:00,566 [INFO] app.agents.critic_agent: --- CRITIC AGENT ---
2026-09-23 22:13:00,566 [INFO] app.agents.critic_agent: Feature engineering attempts: 0/3
2026-09-23 22:13:00,566 [INFO] app.agents.critic_agent: Completed baseline models: ['Logistic Regression']
2026-09-23 22:13:00,566 [INFO] app.agents.critic_agent: Pending baseline model: Random Forest
2026-09-23 22:13:00,566 [INFO] app.agents.critic_agent: Deterministically selecting pending baseline: Random Forest
2026-09-23 22:13:00,567 [INFO] app.supervisor: --- SUPERVISOR ---
2026-09-23 22:13:00,567 [INFO] app.supervisor: Critic decision: continue
2026-09-23 22:13:00,567 [INFO] app.supervisor: Experiment type: baseline_model
2026-09-23 22:13:00,567 [INFO] app.supervisor: Supervisor iteration: 1/8
2026-09-23 22:13:00,567 [INFO] app.supervisor: Routing to experiment agent: Random Forest
2026-09-23 22:13:00,568 [INFO] app.agents.experiment_agent: --- EXPERIMENT AGENT ---
2026-09-23 22:13:00,568 [INFO] app.agents.experiment_agent: Running proposed baseline: Random Forest
2026-09-23 22:13:04,382 [INFO] app.agents.experiment_agent: Experiment did not improve best f1: 0.680930
2026-09-23 22:13:04,382 [INFO] app.agents.experiment_agent: Experiment result: {'model': 'Random Forest', 'problem_type': 'classification', 'train_samples': 1500, 'val_samples': 500, 'applied_params': {}, 'rejected_params': [], 'cross_validation': {'folds': 5, 'scoring': 'f1_weighted', 'mean': 0.6941041725200996, 'std': 0.01718274599949401}, 'accuracy': 0.682, 'f1': 0.6809301491524602, 'experiment_type': 'baseline_model', 'experiment_id': 'baseline_model::Random Forest', 'metric_name': 'f1', 'validation_metric': 0.6809301491524602, 'improvement': -0.018794661353019437, 'is_best': False}
2026-09-23 22:13:04,383 [INFO] app.agents.evaluation_agent: --- EVALUATION AGENT ---
2026-09-23 22:13:04,383 [INFO] app.agents.evaluation_agent: Best model: Logistic Regression
2026-09-23 22:13:04,383 [INFO] app.agents.evaluation_agent: Best f1 (validation): 0.6997248105054796
2026-09-23 22:13:04,383 [INFO] app.agents.critic_agent: --- CRITIC AGENT ---
2026-09-23 22:13:04,383 [INFO] app.agents.critic_agent: Feature engineering attempts: 0/3
2026-09-23 22:13:04,384 [INFO] app.agents.critic_agent: Completed baseline models: ['Logistic Regression', 'Random Forest']
2026-09-23 22:13:04,384 [INFO] app.agents.critic_agent: Pending baseline model: Gradient Boosting
2026-09-23 22:13:04,384 [INFO] app.agents.critic_agent: Deterministically selecting pending baseline: Gradient Boosting
2026-09-23 22:13:04,384 [INFO] app.supervisor: --- SUPERVISOR ---
2026-09-23 22:13:04,384 [INFO] app.supervisor: Critic decision: continue
2026-09-23 22:13:04,384 [INFO] app.supervisor: Experiment type: baseline_model
2026-09-23 22:13:04,384 [INFO] app.supervisor: Supervisor iteration: 2/8
2026-09-23 22:13:04,384 [INFO] app.supervisor: Routing to experiment agent: Gradient Boosting
2026-09-23 22:13:04,385 [INFO] app.agents.experiment_agent: --- EXPERIMENT AGENT ---
2026-09-23 22:13:04,385 [INFO] app.agents.experiment_agent: Running proposed baseline: Gradient Boosting
2026-09-23 22:13:06,910 [INFO] app.agents.experiment_agent: New best experiment: f1=0.713686
2026-09-23 22:13:06,910 [INFO] app.agents.experiment_agent: Experiment result: {'model': 'Gradient Boosting', 'problem_type': 'classification', 'train_samples': 1500, 'val_samples': 500, 'applied_params': {}, 'rejected_params': [], 'cross_validation': {'folds': 5, 'scoring': 'f1_weighted', 'mean': 0.6991541250609072, 'std': 0.0163164018861937}, 'accuracy': 0.714, 'f1': 0.7136857762627828, 'experiment_type': 'baseline_model', 'experiment_id': 'baseline_model::Gradient Boosting', 'metric_name': 'f1', 'validation_metric': 0.7136857762627828, 'improvement': 0.013960965757303212, 'is_best': True}
2026-09-23 22:13:06,910 [INFO] app.agents.evaluation_agent: --- EVALUATION AGENT ---
2026-09-23 22:13:06,910 [INFO] app.agents.evaluation_agent: Best model: Gradient Boosting
2026-09-23 22:13:06,911 [INFO] app.agents.evaluation_agent: Best f1 (validation): 0.7136857762627828
2026-09-23 22:13:06,911 [INFO] app.agents.critic_agent: --- CRITIC AGENT ---
2026-09-23 22:13:06,911 [INFO] app.agents.critic_agent: Feature engineering attempts: 0/3
2026-09-23 22:13:06,911 [INFO] app.agents.critic_agent: Completed baseline models: ['Gradient Boosting', 'Logistic Regression', 'Random Forest']
2026-09-23 22:13:06,912 [INFO] app.agents.critic_agent: Pending baseline model: None
2026-09-23 22:13:06,912 [INFO] app.agents.critic_agent: All baseline models completed. Critic reviewing feature engineering opportunity...
2026-09-23 22:13:08,583 [INFO] app.agents.critic_agent: Decision: feature_engineering
2026-09-23 22:13:08,583 [INFO] app.agents.critic_agent: Experiment type: feature_engineering
2026-09-23 22:13:08,583 [INFO] app.agents.critic_agent: Model: Gradient Boosting
2026-09-23 22:13:08,583 [INFO] app.agents.critic_agent: Feature type: numeric_interaction
2026-09-23 22:13:08,583 [INFO] app.agents.critic_agent: Recommendation: 
2026-09-23 22:13:08,584 [INFO] app.supervisor: --- SUPERVISOR ---
2026-09-23 22:13:08,584 [INFO] app.supervisor: Critic decision: feature_engineering
2026-09-23 22:13:08,584 [INFO] app.supervisor: Experiment type: feature_engineering
2026-09-23 22:13:08,584 [INFO] app.supervisor: Supervisor iteration: 3/8
2026-09-23 22:13:08,584 [INFO] app.supervisor: Routing to feature engineering agent.
2026-09-23 22:13:08,585 [INFO] app.agents.feature_engineering_agent: --- FEATURE ENGINEERING AGENT ---
2026-09-23 22:13:08,598 [INFO] app.agents.feature_engineering_agent: Numeric columns: ['age', 'monthly_income', 'credit_score', 'tenure_years', 'monthly_spend', 'support_tickets', 'late_payments', 'satisfaction_score', 'usage_hours']
2026-09-23 22:13:08,598 [INFO] app.agents.feature_engineering_agent: Categorical columns: ['customer_id', 'contract_type', 'payment_method']
2026-09-23 22:13:08,598 [INFO] app.agents.feature_engineering_agent: Unique feature transformations already tested: 0
2026-09-23 22:13:08,598 [INFO] app.agents.feature_engineering_agent: Critic requested model: Gradient Boosting
2026-09-23 22:13:08,598 [INFO] app.agents.feature_engineering_agent: Critic requested feature type: numeric_interaction
2026-09-23 22:13:08,598 [INFO] app.agents.feature_engineering_agent: Requested feature type: numeric_interaction
2026-09-23 22:13:08,598 [INFO] app.agents.feature_engineering_agent: Valid candidates for numeric_interaction: 72
2026-09-23 22:13:08,599 [INFO] app.agents.feature_engineering_agent: Selected model: Gradient Boosting
2026-09-23 22:13:08,599 [INFO] app.agents.feature_engineering_agent: Feature type: numeric_interaction
2026-09-23 22:13:08,599 [INFO] app.agents.feature_engineering_agent: Source columns: ['age', 'monthly_income']
2026-09-23 22:13:08,599 [INFO] app.agents.feature_engineering_agent: Feature name: numeric_interaction__age__monthly_income
2026-09-23 22:13:08,599 [INFO] app.agents.feature_engineering_agent: Feature selection followed the Critic's requested transformation.
2026-09-23 22:13:08,600 [INFO] app.agents.experiment_agent: --- EXPERIMENT AGENT ---
2026-09-23 22:13:08,600 [INFO] app.agents.experiment_agent: Applying feature engineering: numeric_interaction
2026-09-23 22:13:08,613 [INFO] app.agents.experiment_agent: Running model: Gradient Boosting
2026-09-23 22:13:11,223 [INFO] app.agents.experiment_agent: Experiment did not improve best f1: 0.711629
2026-09-23 22:13:11,223 [INFO] app.agents.experiment_agent: Feature engineering experiment result: {'model': 'Gradient Boosting', 'problem_type': 'classification', 'train_samples': 1500, 'val_samples': 500, 'applied_params': {}, 'rejected_params': [], 'cross_validation': {'folds': 5, 'scoring': 'f1_weighted', 'mean': 0.6991757010047184, 'std': 0.012240035676707154}, 'accuracy': 0.712, 'f1': 0.7116289855072464, 'experiment_type': 'feature_engineering', 'experiment_id': 'feature_engineering::numeric_interaction::age::monthly_income::Gradient Boosting', 'feature_type': 'numeric_interaction', 'feature_name': 'numeric_interaction__age__monthly_income', 'source_columns': ['age', 'monthly_income'], 'note': 'Feature transformation was created successfully.', 'metric_name': 'f1', 'validation_metric': 0.7116289855072464, 'improvement': -0.0020567907555364418, 'is_best': False}
2026-09-23 22:13:11,223 [INFO] app.agents.evaluation_agent: --- EVALUATION AGENT ---
2026-09-23 22:13:11,224 [INFO] app.agents.evaluation_agent: Best model: Gradient Boosting
2026-09-23 22:13:11,224 [INFO] app.agents.evaluation_agent: Best f1 (validation): 0.7136857762627828
2026-09-23 22:13:11,224 [INFO] app.agents.critic_agent: --- CRITIC AGENT ---
2026-09-23 22:13:11,224 [INFO] app.agents.critic_agent: Feature engineering attempts: 1/3
2026-09-23 22:13:11,224 [INFO] app.agents.critic_agent: Completed baseline models: ['Gradient Boosting', 'Logistic Regression', 'Random Forest']
2026-09-23 22:13:11,224 [INFO] app.agents.critic_agent: Pending baseline model: None
2026-09-23 22:13:11,225 [INFO] app.agents.critic_agent: All baseline models completed. Critic reviewing feature engineering opportunity...
2026-09-23 22:13:12,917 [INFO] app.agents.critic_agent: Decision: feature_engineering
2026-09-23 22:13:12,917 [INFO] app.agents.critic_agent: Experiment type: feature_engineering
2026-09-23 22:13:12,917 [INFO] app.agents.critic_agent: Model: Random Forest
2026-09-23 22:13:12,918 [INFO] app.agents.critic_agent: Feature type: numeric_ratio
2026-09-23 22:13:12,918 [INFO] app.agents.critic_agent: Recommendation: Proceed with a Random Forest model using numeric_ratio feature engineering.
2026-09-23 22:13:12,919 [INFO] app.supervisor: --- SUPERVISOR ---
2026-09-23 22:13:12,919 [INFO] app.supervisor: Critic decision: feature_engineering
2026-09-23 22:13:12,919 [INFO] app.supervisor: Experiment type: feature_engineering
2026-09-23 22:13:12,919 [INFO] app.supervisor: Supervisor iteration: 4/8
2026-09-23 22:13:12,919 [INFO] app.supervisor: Routing to feature engineering agent.
2026-09-23 22:13:12,920 [INFO] app.agents.feature_engineering_agent: --- FEATURE ENGINEERING AGENT ---
2026-09-23 22:13:12,935 [INFO] app.agents.feature_engineering_agent: Numeric columns: ['age', 'monthly_income', 'credit_score', 'tenure_years', 'monthly_spend', 'support_tickets', 'late_payments', 'satisfaction_score', 'usage_hours']
2026-09-23 22:13:12,935 [INFO] app.agents.feature_engineering_agent: Categorical columns: ['customer_id', 'contract_type', 'payment_method']
2026-09-23 22:13:12,935 [INFO] app.agents.feature_engineering_agent: Unique feature transformations already tested: 1
2026-09-23 22:13:12,935 [INFO] app.agents.feature_engineering_agent: Critic requested model: Random Forest
2026-09-23 22:13:12,935 [INFO] app.agents.feature_engineering_agent: Critic requested feature type: numeric_ratio
2026-09-23 22:13:12,936 [INFO] app.agents.feature_engineering_agent: Requested feature type: numeric_ratio
2026-09-23 22:13:12,936 [INFO] app.agents.feature_engineering_agent: Valid candidates for numeric_ratio: 72
2026-09-23 22:13:12,936 [INFO] app.agents.feature_engineering_agent: Selected model: Random Forest
2026-09-23 22:13:12,936 [INFO] app.agents.feature_engineering_agent: Feature type: numeric_ratio
2026-09-23 22:13:12,936 [INFO] app.agents.feature_engineering_agent: Source columns: ['age', 'monthly_income']
2026-09-23 22:13:12,937 [INFO] app.agents.feature_engineering_agent: Feature name: numeric_ratio__age__monthly_income
2026-09-23 22:13:12,937 [INFO] app.agents.feature_engineering_agent: Feature selection followed the Critic's requested transformation.
2026-09-23 22:13:12,938 [INFO] app.agents.experiment_agent: --- EXPERIMENT AGENT ---
2026-09-23 22:13:12,939 [INFO] app.agents.experiment_agent: Applying feature engineering: numeric_ratio
2026-09-23 22:13:12,958 [INFO] app.agents.experiment_agent: Running model: Random Forest
2026-09-23 22:13:16,738 [INFO] app.agents.experiment_agent: Experiment did not improve best f1: 0.691344
2026-09-23 22:13:16,739 [INFO] app.agents.experiment_agent: Feature engineering experiment result: {'model': 'Random Forest', 'problem_type': 'classification', 'train_samples': 1500, 'val_samples': 500, 'applied_params': {}, 'rejected_params': [], 'cross_validation': {'folds': 5, 'scoring': 'f1_weighted', 'mean': 0.6832224564306758, 'std': 0.008587023831581619}, 'accuracy': 0.692, 'f1': 0.691344427244582, 'experiment_type': 'feature_engineering', 'experiment_id': 'feature_engineering::numeric_ratio::age::monthly_income::Random Forest', 'feature_type': 'numeric_ratio', 'feature_name': 'numeric_ratio__age__monthly_income', 'source_columns': ['age', 'monthly_income'], 'note': 'Feature transformation was created successfully.', 'metric_name': 'f1', 'validation_metric': 0.691344427244582, 'improvement': -0.02234134901820084, 'is_best': False}
2026-09-23 22:13:16,739 [INFO] app.agents.evaluation_agent: --- EVALUATION AGENT ---
2026-09-23 22:13:16,739 [INFO] app.agents.evaluation_agent: Best model: Gradient Boosting
2026-09-23 22:13:16,740 [INFO] app.agents.evaluation_agent: Best f1 (validation): 0.7136857762627828
2026-09-23 22:13:16,740 [INFO] app.agents.critic_agent: --- CRITIC AGENT ---
2026-09-23 22:13:16,740 [INFO] app.agents.critic_agent: Feature engineering attempts: 2/3
2026-09-23 22:13:16,740 [INFO] app.agents.critic_agent: Completed baseline models: ['Gradient Boosting', 'Logistic Regression', 'Random Forest']
2026-09-23 22:13:16,740 [INFO] app.agents.critic_agent: Pending baseline model: None
2026-09-23 22:13:16,740 [INFO] app.agents.critic_agent: All baseline models completed. Critic reviewing feature engineering opportunity...
2026-09-23 22:13:18,735 [INFO] app.agents.critic_agent: Decision: feature_engineering
2026-09-23 22:13:18,735 [INFO] app.agents.critic_agent: Experiment type: feature_engineering
2026-09-23 22:13:18,736 [INFO] app.agents.critic_agent: Model: Logistic Regression
2026-09-23 22:13:18,736 [INFO] app.agents.critic_agent: Feature type: numeric_log
2026-09-23 22:13:18,736 [INFO] app.agents.critic_agent: Recommendation: Proceed with the Logistic Regression + numeric_log experiment.
2026-09-23 22:13:18,737 [INFO] app.supervisor: --- SUPERVISOR ---
2026-09-23 22:13:18,737 [INFO] app.supervisor: Critic decision: feature_engineering
2026-09-23 22:13:18,737 [INFO] app.supervisor: Experiment type: feature_engineering
2026-09-23 22:13:18,737 [INFO] app.supervisor: Supervisor iteration: 5/8
2026-09-23 22:13:18,737 [INFO] app.supervisor: Routing to feature engineering agent.
2026-09-23 22:13:18,737 [INFO] app.agents.feature_engineering_agent: --- FEATURE ENGINEERING AGENT ---
2026-09-23 22:13:18,750 [INFO] app.agents.feature_engineering_agent: Numeric columns: ['age', 'monthly_income', 'credit_score', 'tenure_years', 'monthly_spend', 'support_tickets', 'late_payments', 'satisfaction_score', 'usage_hours']
2026-09-23 22:13:18,750 [INFO] app.agents.feature_engineering_agent: Categorical columns: ['customer_id', 'contract_type', 'payment_method']
2026-09-23 22:13:18,750 [INFO] app.agents.feature_engineering_agent: Unique feature transformations already tested: 2
2026-09-23 22:13:18,750 [INFO] app.agents.feature_engineering_agent: Critic requested model: Logistic Regression
2026-09-23 22:13:18,750 [INFO] app.agents.feature_engineering_agent: Critic requested feature type: numeric_log
2026-09-23 22:13:18,751 [INFO] app.agents.feature_engineering_agent: Requested feature type: numeric_log
2026-09-23 22:13:18,751 [INFO] app.agents.feature_engineering_agent: Valid candidates for numeric_log: 9
2026-09-23 22:13:18,751 [INFO] app.agents.feature_engineering_agent: Selected model: Logistic Regression
2026-09-23 22:13:18,752 [INFO] app.agents.feature_engineering_agent: Feature type: numeric_log
2026-09-23 22:13:18,752 [INFO] app.agents.feature_engineering_agent: Source columns: ['age']
2026-09-23 22:13:18,752 [INFO] app.agents.feature_engineering_agent: Feature name: numeric_log__age
2026-09-23 22:13:18,752 [INFO] app.agents.feature_engineering_agent: Feature selection followed the Critic's requested transformation.
2026-09-23 22:13:18,753 [INFO] app.agents.experiment_agent: --- EXPERIMENT AGENT ---
2026-09-23 22:13:18,754 [INFO] app.agents.experiment_agent: Applying feature engineering: numeric_log
2026-09-23 22:13:18,767 [INFO] app.agents.experiment_agent: Running model: Logistic Regression
2026-09-23 22:13:19,082 [INFO] app.agents.experiment_agent: Experiment did not improve best f1: 0.709962
2026-09-23 22:13:19,082 [INFO] app.agents.experiment_agent: Feature engineering experiment result: {'model': 'Logistic Regression', 'problem_type': 'classification', 'train_samples': 1500, 'val_samples': 500, 'applied_params': {}, 'rejected_params': [], 'cross_validation': {'folds': 5, 'scoring': 'f1_weighted', 'mean': 0.7155367130223815, 'std': 0.010035166339545083}, 'accuracy': 0.71, 'f1': 0.7099615525227893, 'experiment_type': 'feature_engineering', 'experiment_id': 'feature_engineering::numeric_log::age::Logistic Regression', 'feature_type': 'numeric_log', 'feature_name': 'numeric_log__age', 'source_columns': ['age'], 'note': 'Feature transformation was created successfully.', 'metric_name': 'f1', 'validation_metric': 0.7099615525227893, 'improvement': -0.003724223739993593, 'is_best': False}
2026-09-23 22:13:19,082 [INFO] app.agents.evaluation_agent: --- EVALUATION AGENT ---
2026-09-23 22:13:19,082 [INFO] app.agents.evaluation_agent: Best model: Gradient Boosting
2026-09-23 22:13:19,083 [INFO] app.agents.evaluation_agent: Best f1 (validation): 0.7136857762627828
2026-09-23 22:13:19,083 [INFO] app.agents.critic_agent: --- CRITIC AGENT ---
2026-09-23 22:13:19,083 [INFO] app.agents.critic_agent: Feature engineering attempts: 3/3
2026-09-23 22:13:19,083 [INFO] app.agents.critic_agent: Completed baseline models: ['Gradient Boosting', 'Logistic Regression', 'Random Forest']
2026-09-23 22:13:19,083 [INFO] app.agents.critic_agent: Pending baseline model: None
2026-09-23 22:13:19,083 [INFO] app.agents.critic_agent: All baselines completed and feature engineering budget exhausted. Forcing finish.
2026-09-23 22:13:19,083 [INFO] app.supervisor: --- SUPERVISOR ---
2026-09-23 22:13:19,084 [INFO] app.supervisor: Critic decision: finish
2026-09-23 22:13:19,084 [INFO] app.supervisor: Experiment type: none
2026-09-23 22:13:19,084 [INFO] app.supervisor: Supervisor iteration: 6/8
2026-09-23 22:13:19,084 [INFO] app.supervisor: Research finished.
2026-09-23 22:13:19,084 [INFO] app.agents.final_report_agent: --- FINAL REPORT AGENT ---
2026-09-23 22:13:19,084 [INFO] app.agents.final_report_agent: Final model: Gradient Boosting
2026-09-23 22:13:19,084 [INFO] app.agents.final_report_agent: Running final held-out evaluation on train + validation versus test.
2026-09-23 22:13:19,731 [INFO] app.agents.final_report_agent: Final report generated.
2026-09-23 22:13:19,735 [INFO] __main__: Run snapshot saved to: runs\run_20260923_221319_731756.json
