2026-09-23 22:15:22,129 [INFO] app.agents.data_agent: --- DATA AGENT ---
2026-09-23 22:15:22,129 [INFO] app.agents.data_agent: Profiling dataset: C:\Users\fazza\PycharmProjects\ml research lab\data\customer_churn_synthetic.csv
2026-09-23 22:15:22,191 [INFO] app.agents.data_agent: Dataset profiling complete.
2026-09-23 22:15:22,210 [INFO] app.agents.feature_agent: --- FEATURE AGENT ---
2026-09-23 22:15:22,245 [INFO] app.agents.feature_agent: Identifier columns: ['customer_id']
2026-09-23 22:15:22,245 [INFO] app.agents.feature_agent: Numeric features: ['age', 'monthly_income', 'credit_score', 'tenure_years', 'monthly_spend', 'support_tickets', 'late_payments', 'satisfaction_score', 'usage_hours']
2026-09-23 22:15:22,250 [INFO] app.agents.feature_agent: Categorical features: ['contract_type', 'payment_method']
2026-09-23 22:15:22,250 [INFO] app.agents.feature_agent: Missing-value columns: ['monthly_income', 'credit_score', 'satisfaction_score']
2026-09-23 22:15:22,250 [INFO] app.agents.feature_agent: Feature analysis complete. Recommendations: 15
2026-09-23 22:15:22,250 [INFO] app.agents.research_agent: --- RESEARCH AGENT ---
2026-09-23 22:15:22,250 [INFO] app.agents.research_agent: Generating research plan...
2026-09-23 22:15:24,018 [INFO] app.agents.research_agent: Problem type: classification
2026-09-23 22:15:24,034 [INFO] app.agents.research_agent: Models: ['Logistic Regression', 'Random Forest', 'Gradient Boosting']
2026-09-23 22:15:24,034 [INFO] app.agents.research_agent: Reasoning: The target column 'churn' is a categorical string indicating whether a customer has churned, so the task is a binary classification problem. To establish robust baselines, we will evaluate three complementary model families supported by the execution layer: (1) Logistic Regression as a linear baseline that benefits from standard scaling of numeric features; (2) Random Forest as a bagging tree ensemble that can capture non‑linear interactions without requiring feature scaling; and (3) Gradient Boosting as a boosting tree ensemble that often provides strong performance on structured data. The execution layer will handle missing‑value imputation for monthly_income, credit_score, and satisfaction_score, one‑hot encode the categorical features contract_type and payment_method, and standard‑scale all numeric features. Customer_id will be excluded as an identifier. A stratified train/validation/test split will be used to preserve the class distribution, and model performance will be reported using accuracy and weighted F1, the metrics currently available. This plan establishes diverse baselines without relying on capabilities such as hyperparameter tuning or advanced metrics that are not presently implemented.
2026-09-23 22:15:24,034 [INFO] app.agents.split_agent: --- SPLIT AGENT ---
2026-09-23 22:15:24,204 [INFO] app.agents.split_agent: Split sizes -> train: 1500, val: 500, test: 500 (test is held out until final_report_agent)
2026-09-23 22:15:24,204 [INFO] app.agents.experiment_agent: --- EXPERIMENT AGENT ---
2026-09-23 22:15:24,204 [INFO] app.agents.experiment_agent: Running proposed baseline: Logistic Regression
2026-09-23 22:15:25,356 [INFO] app.agents.experiment_agent: New best experiment: f1=0.699725
2026-09-23 22:15:25,356 [INFO] app.agents.experiment_agent: Experiment result: {'model': 'Logistic Regression', 'problem_type': 'classification', 'train_samples': 1500, 'val_samples': 500, 'applied_params': {}, 'rejected_params': [], 'cross_validation': {'folds': 5, 'scoring': 'f1_weighted', 'mean': 0.7163033202664866, 'std': 0.010970270057509973}, 'accuracy': 0.7, 'f1': 0.6997248105054796, 'experiment_type': 'baseline_model', 'experiment_id': 'baseline_model::Logistic Regression', 'metric_name': 'f1', 'validation_metric': 0.6997248105054796, 'improvement': None, 'is_best': True}
2026-09-23 22:15:25,356 [INFO] app.agents.evaluation_agent: --- EVALUATION AGENT ---
2026-09-23 22:15:25,362 [INFO] app.agents.evaluation_agent: Best model: Logistic Regression
2026-09-23 22:15:25,364 [INFO] app.agents.evaluation_agent: Best f1 (validation): 0.6997248105054796
2026-09-23 22:15:25,366 [INFO] app.agents.critic_agent: --- CRITIC AGENT ---
2026-09-23 22:15:25,368 [INFO] app.agents.critic_agent: Feature engineering attempts: 0/3
2026-09-23 22:15:25,368 [INFO] app.agents.critic_agent: Completed baseline models: ['Logistic Regression']
2026-09-23 22:15:25,368 [INFO] app.agents.critic_agent: Pending baseline model: Random Forest
2026-09-23 22:15:25,372 [INFO] app.agents.critic_agent: Deterministically selecting pending baseline: Random Forest
2026-09-23 22:15:25,375 [INFO] app.supervisor: --- SUPERVISOR ---
2026-09-23 22:15:25,375 [INFO] app.supervisor: Critic decision: continue
2026-09-23 22:15:25,375 [INFO] app.supervisor: Experiment type: baseline_model
2026-09-23 22:15:25,375 [INFO] app.supervisor: Supervisor iteration: 1/8
2026-09-23 22:15:25,375 [INFO] app.supervisor: Routing to experiment agent: Random Forest
2026-09-23 22:15:25,381 [INFO] app.agents.experiment_agent: --- EXPERIMENT AGENT ---
2026-09-23 22:15:25,381 [INFO] app.agents.experiment_agent: Running proposed baseline: Random Forest
2026-09-23 22:15:40,123 [INFO] app.agents.experiment_agent: Experiment did not improve best f1: 0.680930
2026-09-23 22:15:40,124 [INFO] app.agents.experiment_agent: Experiment result: {'model': 'Random Forest', 'problem_type': 'classification', 'train_samples': 1500, 'val_samples': 500, 'applied_params': {}, 'rejected_params': [], 'cross_validation': {'folds': 5, 'scoring': 'f1_weighted', 'mean': 0.6941041725200996, 'std': 0.01718274599949401}, 'accuracy': 0.682, 'f1': 0.6809301491524602, 'experiment_type': 'baseline_model', 'experiment_id': 'baseline_model::Random Forest', 'metric_name': 'f1', 'validation_metric': 0.6809301491524602, 'improvement': -0.018794661353019437, 'is_best': False}
2026-09-23 22:15:40,124 [INFO] app.agents.evaluation_agent: --- EVALUATION AGENT ---
2026-09-23 22:15:40,124 [INFO] app.agents.evaluation_agent: Best model: Logistic Regression
2026-09-23 22:15:40,124 [INFO] app.agents.evaluation_agent: Best f1 (validation): 0.6997248105054796
2026-09-23 22:15:40,124 [INFO] app.agents.critic_agent: --- CRITIC AGENT ---
2026-09-23 22:15:40,133 [INFO] app.agents.critic_agent: Feature engineering attempts: 0/3
2026-09-23 22:15:40,133 [INFO] app.agents.critic_agent: Completed baseline models: ['Logistic Regression', 'Random Forest']
2026-09-23 22:15:40,133 [INFO] app.agents.critic_agent: Pending baseline model: Gradient Boosting
2026-09-23 22:15:40,135 [INFO] app.agents.critic_agent: Deterministically selecting pending baseline: Gradient Boosting
2026-09-23 22:15:40,135 [INFO] app.supervisor: --- SUPERVISOR ---
2026-09-23 22:15:40,135 [INFO] app.supervisor: Critic decision: continue
2026-09-23 22:15:40,135 [INFO] app.supervisor: Experiment type: baseline_model
2026-09-23 22:15:40,135 [INFO] app.supervisor: Supervisor iteration: 2/8
2026-09-23 22:15:40,135 [INFO] app.supervisor: Routing to experiment agent: Gradient Boosting
2026-09-23 22:15:40,141 [INFO] app.agents.experiment_agent: --- EXPERIMENT AGENT ---
2026-09-23 22:15:40,141 [INFO] app.agents.experiment_agent: Running proposed baseline: Gradient Boosting
2026-09-23 22:15:46,981 [INFO] app.agents.experiment_agent: New best experiment: f1=0.713686
2026-09-23 22:15:46,981 [INFO] app.agents.experiment_agent: Experiment result: {'model': 'Gradient Boosting', 'problem_type': 'classification', 'train_samples': 1500, 'val_samples': 500, 'applied_params': {}, 'rejected_params': [], 'cross_validation': {'folds': 5, 'scoring': 'f1_weighted', 'mean': 0.6991541250609072, 'std': 0.0163164018861937}, 'accuracy': 0.714, 'f1': 0.7136857762627828, 'experiment_type': 'baseline_model', 'experiment_id': 'baseline_model::Gradient Boosting', 'metric_name': 'f1', 'validation_metric': 0.7136857762627828, 'improvement': 0.013960965757303212, 'is_best': True}
2026-09-23 22:15:46,982 [INFO] app.agents.evaluation_agent: --- EVALUATION AGENT ---
2026-09-23 22:15:46,982 [INFO] app.agents.evaluation_agent: Best model: Gradient Boosting
2026-09-23 22:15:46,983 [INFO] app.agents.evaluation_agent: Best f1 (validation): 0.7136857762627828
2026-09-23 22:15:46,983 [INFO] app.agents.critic_agent: --- CRITIC AGENT ---
2026-09-23 22:15:46,984 [INFO] app.agents.critic_agent: Feature engineering attempts: 0/3
2026-09-23 22:15:46,984 [INFO] app.agents.critic_agent: Completed baseline models: ['Gradient Boosting', 'Logistic Regression', 'Random Forest']
2026-09-23 22:15:46,984 [INFO] app.agents.critic_agent: Pending baseline model: None
2026-09-23 22:15:46,984 [INFO] app.agents.critic_agent: All baseline models completed. Critic reviewing feature engineering opportunity...
2026-09-23 22:15:48,415 [INFO] app.agents.critic_agent: Decision: feature_engineering
2026-09-23 22:15:48,415 [INFO] app.agents.critic_agent: Experiment type: feature_engineering
2026-09-23 22:15:48,415 [INFO] app.agents.critic_agent: Model: Gradient Boosting
2026-09-23 22:15:48,416 [INFO] app.agents.critic_agent: Feature type: numeric_interaction
2026-09-23 22:15:48,416 [INFO] app.agents.critic_agent: Recommendation: 
2026-09-23 22:15:48,417 [INFO] app.supervisor: --- SUPERVISOR ---
2026-09-23 22:15:48,417 [INFO] app.supervisor: Critic decision: feature_engineering
2026-09-23 22:15:48,417 [INFO] app.supervisor: Experiment type: feature_engineering
2026-09-23 22:15:48,418 [INFO] app.supervisor: Supervisor iteration: 3/8
2026-09-23 22:15:48,418 [INFO] app.supervisor: Routing to feature engineering agent.
2026-09-23 22:15:48,419 [INFO] app.agents.feature_engineering_agent: --- FEATURE ENGINEERING AGENT ---
2026-09-23 22:15:48,427 [INFO] app.agents.feature_engineering_agent: Numeric columns: ['age', 'monthly_income', 'credit_score', 'tenure_years', 'monthly_spend', 'support_tickets', 'late_payments', 'satisfaction_score', 'usage_hours']
2026-09-23 22:15:48,427 [INFO] app.agents.feature_engineering_agent: Categorical columns: ['customer_id', 'contract_type', 'payment_method']
2026-09-23 22:15:48,427 [INFO] app.agents.feature_engineering_agent: Unique feature transformations already tested: 0
2026-09-23 22:15:48,427 [INFO] app.agents.feature_engineering_agent: Critic requested model: Gradient Boosting
2026-09-23 22:15:48,427 [INFO] app.agents.feature_engineering_agent: Critic requested feature type: numeric_interaction
2026-09-23 22:15:48,428 [INFO] app.agents.feature_engineering_agent: Requested feature type: numeric_interaction
2026-09-23 22:15:48,429 [INFO] app.agents.feature_engineering_agent: Valid candidates for numeric_interaction: 72
2026-09-23 22:15:48,429 [INFO] app.agents.feature_engineering_agent: Selected model: Gradient Boosting
2026-09-23 22:15:48,429 [INFO] app.agents.feature_engineering_agent: Feature type: numeric_interaction
2026-09-23 22:15:48,429 [INFO] app.agents.feature_engineering_agent: Source columns: ['age', 'monthly_income']
2026-09-23 22:15:48,429 [INFO] app.agents.feature_engineering_agent: Feature name: numeric_interaction__age__monthly_income
2026-09-23 22:15:48,429 [INFO] app.agents.feature_engineering_agent: Feature selection followed the Critic's requested transformation.
2026-09-23 22:15:48,431 [INFO] app.agents.experiment_agent: --- EXPERIMENT AGENT ---
2026-09-23 22:15:48,431 [INFO] app.agents.experiment_agent: Applying feature engineering: numeric_interaction
2026-09-23 22:15:48,444 [INFO] app.agents.experiment_agent: Running model: Gradient Boosting
2026-09-23 22:15:51,233 [INFO] app.agents.experiment_agent: Experiment did not improve best f1: 0.711629
2026-09-23 22:15:51,233 [INFO] app.agents.experiment_agent: Feature engineering experiment result: {'model': 'Gradient Boosting', 'problem_type': 'classification', 'train_samples': 1500, 'val_samples': 500, 'applied_params': {}, 'rejected_params': [], 'cross_validation': {'folds': 5, 'scoring': 'f1_weighted', 'mean': 0.6991757010047184, 'std': 0.012240035676707154}, 'accuracy': 0.712, 'f1': 0.7116289855072464, 'experiment_type': 'feature_engineering', 'experiment_id': 'feature_engineering::numeric_interaction::age::monthly_income::Gradient Boosting', 'feature_type': 'numeric_interaction', 'feature_name': 'numeric_interaction__age__monthly_income', 'source_columns': ['age', 'monthly_income'], 'note': 'Feature transformation was created successfully.', 'metric_name': 'f1', 'validation_metric': 0.7116289855072464, 'improvement': -0.0020567907555364418, 'is_best': False}
2026-09-23 22:15:51,234 [INFO] app.agents.evaluation_agent: --- EVALUATION AGENT ---
2026-09-23 22:15:51,234 [INFO] app.agents.evaluation_agent: Best model: Gradient Boosting
2026-09-23 22:15:51,236 [INFO] app.agents.evaluation_agent: Best f1 (validation): 0.7136857762627828
2026-09-23 22:15:51,236 [INFO] app.agents.critic_agent: --- CRITIC AGENT ---
2026-09-23 22:15:51,236 [INFO] app.agents.critic_agent: Feature engineering attempts: 1/3
2026-09-23 22:15:51,236 [INFO] app.agents.critic_agent: Completed baseline models: ['Gradient Boosting', 'Logistic Regression', 'Random Forest']
2026-09-23 22:15:51,236 [INFO] app.agents.critic_agent: Pending baseline model: None
2026-09-23 22:15:51,237 [INFO] app.agents.critic_agent: All baseline models completed. Critic reviewing feature engineering opportunity...
2026-09-23 22:15:52,891 [INFO] app.agents.critic_agent: Decision: feature_engineering
2026-09-23 22:15:52,891 [INFO] app.agents.critic_agent: Experiment type: feature_engineering
2026-09-23 22:15:52,893 [INFO] app.agents.critic_agent: Model: Random Forest
2026-09-23 22:15:52,894 [INFO] app.agents.critic_agent: Feature type: numeric_interaction
2026-09-23 22:15:52,894 [INFO] app.agents.critic_agent: Recommendation: 
2026-09-23 22:15:52,896 [INFO] app.supervisor: --- SUPERVISOR ---
2026-09-23 22:15:52,897 [INFO] app.supervisor: Critic decision: feature_engineering
2026-09-23 22:15:52,897 [INFO] app.supervisor: Experiment type: feature_engineering
2026-09-23 22:15:52,898 [INFO] app.supervisor: Supervisor iteration: 4/8
2026-09-23 22:15:52,898 [INFO] app.supervisor: Routing to feature engineering agent.
2026-09-23 22:15:52,899 [INFO] app.agents.feature_engineering_agent: --- FEATURE ENGINEERING AGENT ---
2026-09-23 22:15:52,913 [INFO] app.agents.feature_engineering_agent: Numeric columns: ['age', 'monthly_income', 'credit_score', 'tenure_years', 'monthly_spend', 'support_tickets', 'late_payments', 'satisfaction_score', 'usage_hours']
2026-09-23 22:15:52,913 [INFO] app.agents.feature_engineering_agent: Categorical columns: ['customer_id', 'contract_type', 'payment_method']
2026-09-23 22:15:52,913 [INFO] app.agents.feature_engineering_agent: Unique feature transformations already tested: 1
2026-09-23 22:15:52,914 [INFO] app.agents.feature_engineering_agent: Critic requested model: Random Forest
2026-09-23 22:15:52,915 [INFO] app.agents.feature_engineering_agent: Critic requested feature type: numeric_interaction
2026-09-23 22:15:52,916 [INFO] app.agents.feature_engineering_agent: Requested feature type: numeric_interaction
2026-09-23 22:15:52,917 [INFO] app.agents.feature_engineering_agent: Valid candidates for numeric_interaction: 72
2026-09-23 22:15:52,917 [INFO] app.agents.feature_engineering_agent: Selected model: Random Forest
2026-09-23 22:15:52,918 [INFO] app.agents.feature_engineering_agent: Feature type: numeric_interaction
2026-09-23 22:15:52,918 [INFO] app.agents.feature_engineering_agent: Source columns: ['age', 'credit_score']
2026-09-23 22:15:52,918 [INFO] app.agents.feature_engineering_agent: Feature name: numeric_interaction__age__credit_score
2026-09-23 22:15:52,918 [INFO] app.agents.feature_engineering_agent: Feature selection followed the Critic's requested transformation.
2026-09-23 22:15:52,919 [INFO] app.agents.experiment_agent: --- EXPERIMENT AGENT ---
2026-09-23 22:15:52,919 [INFO] app.agents.experiment_agent: Applying feature engineering: numeric_interaction
2026-09-23 22:15:52,928 [INFO] app.agents.experiment_agent: Running model: Random Forest
2026-09-23 22:15:56,598 [INFO] app.agents.experiment_agent: Experiment did not improve best f1: 0.694895
2026-09-23 22:15:56,599 [INFO] app.agents.experiment_agent: Feature engineering experiment result: {'model': 'Random Forest', 'problem_type': 'classification', 'train_samples': 1500, 'val_samples': 500, 'applied_params': {}, 'rejected_params': [], 'cross_validation': {'folds': 5, 'scoring': 'f1_weighted', 'mean': 0.6936363597452013, 'std': 0.008379254987939453}, 'accuracy': 0.696, 'f1': 0.6948945454545455, 'experiment_type': 'feature_engineering', 'experiment_id': 'feature_engineering::numeric_interaction::age::credit_score::Random Forest', 'feature_type': 'numeric_interaction', 'feature_name': 'numeric_interaction__age__credit_score', 'source_columns': ['age', 'credit_score'], 'note': 'Feature transformation was created successfully.', 'metric_name': 'f1', 'validation_metric': 0.6948945454545455, 'improvement': -0.018791230808237303, 'is_best': False}
2026-09-23 22:15:56,600 [INFO] app.agents.evaluation_agent: --- EVALUATION AGENT ---
2026-09-23 22:15:56,600 [INFO] app.agents.evaluation_agent: Best model: Gradient Boosting
2026-09-23 22:15:56,600 [INFO] app.agents.evaluation_agent: Best f1 (validation): 0.7136857762627828
2026-09-23 22:15:56,601 [INFO] app.agents.critic_agent: --- CRITIC AGENT ---
2026-09-23 22:15:56,601 [INFO] app.agents.critic_agent: Feature engineering attempts: 2/3
2026-09-23 22:15:56,601 [INFO] app.agents.critic_agent: Completed baseline models: ['Gradient Boosting', 'Logistic Regression', 'Random Forest']
2026-09-23 22:15:56,601 [INFO] app.agents.critic_agent: Pending baseline model: None
2026-09-23 22:15:56,601 [INFO] app.agents.critic_agent: All baseline models completed. Critic reviewing feature engineering opportunity...
2026-09-23 22:15:58,316 [INFO] app.agents.critic_agent: Decision: feature_engineering
2026-09-23 22:15:58,317 [INFO] app.agents.critic_agent: Experiment type: feature_engineering
2026-09-23 22:15:58,317 [INFO] app.agents.critic_agent: Model: Logistic Regression
2026-09-23 22:15:58,317 [INFO] app.agents.critic_agent: Feature type: numeric_log
2026-09-23 22:15:58,317 [INFO] app.agents.critic_agent: Recommendation: Proceed with Logistic Regression using numeric_log feature engineering.
2026-09-23 22:15:58,318 [INFO] app.supervisor: --- SUPERVISOR ---
2026-09-23 22:15:58,319 [INFO] app.supervisor: Critic decision: feature_engineering
2026-09-23 22:15:58,319 [INFO] app.supervisor: Experiment type: feature_engineering
2026-09-23 22:15:58,319 [INFO] app.supervisor: Supervisor iteration: 5/8
2026-09-23 22:15:58,319 [INFO] app.supervisor: Routing to feature engineering agent.
2026-09-23 22:15:58,321 [INFO] app.agents.feature_engineering_agent: --- FEATURE ENGINEERING AGENT ---
2026-09-23 22:15:58,336 [INFO] app.agents.feature_engineering_agent: Numeric columns: ['age', 'monthly_income', 'credit_score', 'tenure_years', 'monthly_spend', 'support_tickets', 'late_payments', 'satisfaction_score', 'usage_hours']
2026-09-23 22:15:58,337 [INFO] app.agents.feature_engineering_agent: Categorical columns: ['customer_id', 'contract_type', 'payment_method']
2026-09-23 22:15:58,337 [INFO] app.agents.feature_engineering_agent: Unique feature transformations already tested: 2
2026-09-23 22:15:58,337 [INFO] app.agents.feature_engineering_agent: Critic requested model: Logistic Regression
2026-09-23 22:15:58,338 [INFO] app.agents.feature_engineering_agent: Critic requested feature type: numeric_log
2026-09-23 22:15:58,338 [INFO] app.agents.feature_engineering_agent: Requested feature type: numeric_log
2026-09-23 22:15:58,338 [INFO] app.agents.feature_engineering_agent: Valid candidates for numeric_log: 9
2026-09-23 22:15:58,338 [INFO] app.agents.feature_engineering_agent: Selected model: Logistic Regression
2026-09-23 22:15:58,339 [INFO] app.agents.feature_engineering_agent: Feature type: numeric_log
2026-09-23 22:15:58,339 [INFO] app.agents.feature_engineering_agent: Source columns: ['age']
2026-09-23 22:15:58,339 [INFO] app.agents.feature_engineering_agent: Feature name: numeric_log__age
2026-09-23 22:15:58,339 [INFO] app.agents.feature_engineering_agent: Feature selection followed the Critic's requested transformation.
2026-09-23 22:15:58,340 [INFO] app.agents.experiment_agent: --- EXPERIMENT AGENT ---
2026-09-23 22:15:58,340 [INFO] app.agents.experiment_agent: Applying feature engineering: numeric_log
2026-09-23 22:15:58,358 [INFO] app.agents.experiment_agent: Running model: Logistic Regression
2026-09-23 22:15:58,653 [INFO] app.agents.experiment_agent: Experiment did not improve best f1: 0.709962
2026-09-23 22:15:58,654 [INFO] app.agents.experiment_agent: Feature engineering experiment result: {'model': 'Logistic Regression', 'problem_type': 'classification', 'train_samples': 1500, 'val_samples': 500, 'applied_params': {}, 'rejected_params': [], 'cross_validation': {'folds': 5, 'scoring': 'f1_weighted', 'mean': 0.7155367130223815, 'std': 0.010035166339545083}, 'accuracy': 0.71, 'f1': 0.7099615525227893, 'experiment_type': 'feature_engineering', 'experiment_id': 'feature_engineering::numeric_log::age::Logistic Regression', 'feature_type': 'numeric_log', 'feature_name': 'numeric_log__age', 'source_columns': ['age'], 'note': 'Feature transformation was created successfully.', 'metric_name': 'f1', 'validation_metric': 0.7099615525227893, 'improvement': -0.003724223739993593, 'is_best': False}
2026-09-23 22:15:58,655 [INFO] app.agents.evaluation_agent: --- EVALUATION AGENT ---
2026-09-23 22:15:58,656 [INFO] app.agents.evaluation_agent: Best model: Gradient Boosting
2026-09-23 22:15:58,656 [INFO] app.agents.evaluation_agent: Best f1 (validation): 0.7136857762627828
2026-09-23 22:15:58,657 [INFO] app.agents.critic_agent: --- CRITIC AGENT ---
2026-09-23 22:15:58,657 [INFO] app.agents.critic_agent: Feature engineering attempts: 3/3
2026-09-23 22:15:58,658 [INFO] app.agents.critic_agent: Completed baseline models: ['Gradient Boosting', 'Logistic Regression', 'Random Forest']
2026-09-23 22:15:58,658 [INFO] app.agents.critic_agent: Pending baseline model: None
2026-09-23 22:15:58,658 [INFO] app.agents.critic_agent: All baselines completed and feature engineering budget exhausted. Forcing finish.
2026-09-23 22:15:58,658 [INFO] app.supervisor: --- SUPERVISOR ---
2026-09-23 22:15:58,659 [INFO] app.supervisor: Critic decision: finish
2026-09-23 22:15:58,659 [INFO] app.supervisor: Experiment type: none
2026-09-23 22:15:58,659 [INFO] app.supervisor: Supervisor iteration: 6/8
2026-09-23 22:15:58,659 [INFO] app.supervisor: Research finished.
2026-09-23 22:15:58,660 [INFO] app.agents.final_report_agent: --- FINAL REPORT AGENT ---
2026-09-23 22:15:58,661 [INFO] app.agents.final_report_agent: Final model: Gradient Boosting
2026-09-23 22:15:58,661 [INFO] app.agents.final_report_agent: Running final held-out evaluation on train + validation versus test.
2026-09-23 22:15:59,318 [INFO] app.agents.final_report_agent: Final report generated.
